Archive member included because of file (symbol)

c:/program files/atmel/avr studio 5.0/avr toolchain/bin/../lib/gcc/avr/4.5.1/avrxmega6\libgcc.a(_mulsi3.o)
                              src/asf/common/components/display/st7565r/st7565r.o (__mulsi3)
c:/program files/atmel/avr studio 5.0/avr toolchain/bin/../lib/gcc/avr/4.5.1/avrxmega6\libgcc.a(_udivmodhi4.o)
                              src/main.o (__udivmodhi4)
c:/program files/atmel/avr studio 5.0/avr toolchain/bin/../lib/gcc/avr/4.5.1/avrxmega6\libgcc.a(_udivmodsi4.o)
                              src/asf/common/components/display/st7565r/st7565r.o (__udivmodsi4)
c:/program files/atmel/avr studio 5.0/avr toolchain/bin/../lib/gcc/avr/4.5.1/avrxmega6\libgcc.a(_exit.o)
                              c:/program files/atmel/avr studio 5.0/avr toolchain/bin/../lib/gcc/avr/4.5.1/../../../../avr/lib/avrxmega6/crtx256a3bu.o (exit)
c:/program files/atmel/avr studio 5.0/avr toolchain/bin/../lib/gcc/avr/4.5.1/avrxmega6\libgcc.a(_copy_data.o)
                              src/asf/common/services/gfx_mono/sysfont.o (__do_copy_data)
c:/program files/atmel/avr studio 5.0/avr toolchain/bin/../lib/gcc/avr/4.5.1/avrxmega6\libgcc.a(_clear_bss.o)
                              src/asf/common/services/gfx_mono/gfx_mono_c12832_a1z.o (__do_clear_bss)
c:/program files/atmel/avr studio 5.0/avr toolchain/bin/../lib/gcc/avr/4.5.1/../../../../avr/lib/avrxmega6\libc.a(memcpy.o)
                              src/asf/xmega/drivers/nvm/nvm.o (memcpy)

Allocating common symbols
Common symbol       size              file

sleepmgr_locks      0x6               src/asf/common/services/sleepmgr/xmega/sleepmgr.o

Discarded input sections

 .data          0x00000000        0x0 c:/program files/atmel/avr studio 5.0/avr toolchain/bin/../lib/gcc/avr/4.5.1/../../../../avr/lib/avrxmega6/crtx256a3bu.o
 .bss           0x00000000        0x0 c:/program files/atmel/avr studio 5.0/avr toolchain/bin/../lib/gcc/avr/4.5.1/../../../../avr/lib/avrxmega6/crtx256a3bu.o
 .text          0x00000000        0x0 src/asf/common/components/display/st7565r/st7565r.o
 .data          0x00000000        0x0 src/asf/common/components/display/st7565r/st7565r.o
 .bss           0x00000000        0x0 src/asf/common/components/display/st7565r/st7565r.o
 .text          0x00000000        0x0 src/asf/common/services/clock/xmega/sysclk.o
 .data          0x00000000        0x0 src/asf/common/services/clock/xmega/sysclk.o
 .bss           0x00000000        0x0 src/asf/common/services/clock/xmega/sysclk.o
 .text.sysclk_enable_usb
                0x00000000       0x40 src/asf/common/services/clock/xmega/sysclk.o
 .text.sysclk_disable_usb
                0x00000000       0x22 src/asf/common/services/clock/xmega/sysclk.o
 .text          0x00000000        0x0 src/asf/common/services/gfx_mono/gfx_mono_c12832_a1z.o
 .data          0x00000000        0x0 src/asf/common/services/gfx_mono/gfx_mono_c12832_a1z.o
 .bss           0x00000000        0x0 src/asf/common/services/gfx_mono/gfx_mono_c12832_a1z.o
 .text.gfx_mono_st7565r_put_framebuffer
                0x00000000       0x4c src/asf/common/services/gfx_mono/gfx_mono_c12832_a1z.o
 .text.gfx_mono_st7565r_get_pixel
                0x00000000       0x72 src/asf/common/services/gfx_mono/gfx_mono_c12832_a1z.o
 .text.gfx_mono_st7565r_put_page
                0x00000000       0x62 src/asf/common/services/gfx_mono/gfx_mono_c12832_a1z.o
 .text.gfx_mono_st7565r_get_page
                0x00000000       0x32 src/asf/common/services/gfx_mono/gfx_mono_c12832_a1z.o
 .text.gfx_mono_st7565r_mask_byte
                0x00000000       0x70 src/asf/common/services/gfx_mono/gfx_mono_c12832_a1z.o
 .text          0x00000000        0x0 src/asf/common/services/gfx_mono/gfx_mono_framebuffer.o
 .data          0x00000000        0x0 src/asf/common/services/gfx_mono/gfx_mono_framebuffer.o
 .bss           0x00000000        0x0 src/asf/common/services/gfx_mono/gfx_mono_framebuffer.o
 .text.gfx_mono_framebuffer_put_page
                0x00000000       0x88 src/asf/common/services/gfx_mono/gfx_mono_framebuffer.o
 .text.gfx_mono_framebuffer_get_page
                0x00000000       0x80 src/asf/common/services/gfx_mono/gfx_mono_framebuffer.o
 .text.gfx_mono_framebuffer_draw_pixel
                0x00000000       0xc2 src/asf/common/services/gfx_mono/gfx_mono_framebuffer.o
 .text.gfx_mono_framebuffer_get_pixel
                0x00000000       0x72 src/asf/common/services/gfx_mono/gfx_mono_framebuffer.o
 .text.gfx_mono_framebuffer_mask_byte
                0x00000000       0x70 src/asf/common/services/gfx_mono/gfx_mono_framebuffer.o
 .text          0x00000000        0x0 src/asf/common/services/gfx_mono/gfx_mono_generic.o
 .data          0x00000000        0x0 src/asf/common/services/gfx_mono/gfx_mono_generic.o
 .bss           0x00000000        0x0 src/asf/common/services/gfx_mono/gfx_mono_generic.o
 .text.gfx_mono_generic_draw_vertical_line
                0x00000000      0x10a src/asf/common/services/gfx_mono/gfx_mono_generic.o
 .text.gfx_mono_generic_draw_line
                0x00000000      0x164 src/asf/common/services/gfx_mono/gfx_mono_generic.o
 .text.gfx_mono_generic_draw_rect
                0x00000000       0x74 src/asf/common/services/gfx_mono/gfx_mono_generic.o
 .text.gfx_mono_generic_draw_circle
                0x00000000      0x1ec src/asf/common/services/gfx_mono/gfx_mono_generic.o
 .text.gfx_mono_generic_draw_filled_circle
                0x00000000      0x1dc src/asf/common/services/gfx_mono/gfx_mono_generic.o
 .text.gfx_mono_generic_put_bitmap
                0x00000000      0x142 src/asf/common/services/gfx_mono/gfx_mono_generic.o
 .text          0x00000000        0x0 src/asf/common/services/gfx_mono/gfx_mono_text.o
 .data          0x00000000        0x0 src/asf/common/services/gfx_mono/gfx_mono_text.o
 .bss           0x00000000        0x0 src/asf/common/services/gfx_mono/gfx_mono_text.o
 .text.gfx_mono_draw_char_progmem
                0x00000000      0x134 src/asf/common/services/gfx_mono/gfx_mono_text.o
 .text.gfx_mono_draw_char
                0x00000000       0x6e src/asf/common/services/gfx_mono/gfx_mono_text.o
 .text.gfx_mono_draw_string
                0x00000000       0x90 src/asf/common/services/gfx_mono/gfx_mono_text.o
 .text.gfx_mono_draw_progmem_string
                0x00000000       0xb0 src/asf/common/services/gfx_mono/gfx_mono_text.o
 .text.gfx_mono_get_string_bounding_box
                0x00000000       0xaa src/asf/common/services/gfx_mono/gfx_mono_text.o
 .text.gfx_mono_get_progmem_string_bounding_box
                0x00000000       0xd0 src/asf/common/services/gfx_mono/gfx_mono_text.o
 .text          0x00000000        0x0 src/asf/common/services/gfx_mono/sysfont.o
 .data          0x00000000        0x0 src/asf/common/services/gfx_mono/sysfont.o
 .bss           0x00000000        0x0 src/asf/common/services/gfx_mono/sysfont.o
 .progmem.data  0x00000000      0x2a0 src/asf/common/services/gfx_mono/sysfont.o
 .data.sysfont  0x00000000        0x8 src/asf/common/services/gfx_mono/sysfont.o
 .text          0x00000000        0x0 src/asf/common/services/sleepmgr/xmega/sleepmgr.o
 .data          0x00000000        0x0 src/asf/common/services/sleepmgr/xmega/sleepmgr.o
 .bss           0x00000000        0x0 src/asf/common/services/sleepmgr/xmega/sleepmgr.o
 .progmem.data  0x00000000        0xc src/asf/common/services/sleepmgr/xmega/sleepmgr.o
 .text          0x00000000        0x0 src/asf/common/services/spi/xmega_usart_spi/usart_spi.o
 .data          0x00000000        0x0 src/asf/common/services/spi/xmega_usart_spi/usart_spi.o
 .bss           0x00000000        0x0 src/asf/common/services/spi/xmega_usart_spi/usart_spi.o
 .text.ioport_pin_to_port
                0x00000000       0x32 src/asf/common/services/spi/xmega_usart_spi/usart_spi.o
 .text.ioport_pin_to_mask
                0x00000000       0x30 src/asf/common/services/spi/xmega_usart_spi/usart_spi.o
 .text.ioport_set_pin_low
                0x00000000       0x32 src/asf/common/services/spi/xmega_usart_spi/usart_spi.o
 .text.ioport_set_pin_high
                0x00000000       0x32 src/asf/common/services/spi/xmega_usart_spi/usart_spi.o
 .text.usart_data_register_is_empty
                0x00000000       0x34 src/asf/common/services/spi/xmega_usart_spi/usart_spi.o
 .text.usart_tx_is_complete
                0x00000000       0x34 src/asf/common/services/spi/xmega_usart_spi/usart_spi.o
 .text.usart_clear_tx_complete
                0x00000000       0x24 src/asf/common/services/spi/xmega_usart_spi/usart_spi.o
 .text.usart_put
                0x00000000       0x26 src/asf/common/services/spi/xmega_usart_spi/usart_spi.o
 .text.usart_get
                0x00000000       0x22 src/asf/common/services/spi/xmega_usart_spi/usart_spi.o
 .text.usart_spi_transmit
                0x00000000       0x5e src/asf/common/services/spi/xmega_usart_spi/usart_spi.o
 .text.usart_spi_write_packet
                0x00000000       0x66 src/asf/common/services/spi/xmega_usart_spi/usart_spi.o
 .text.usart_spi_read_packet
                0x00000000       0x5a src/asf/common/services/spi/xmega_usart_spi/usart_spi.o
 .text.usart_spi_select_device
                0x00000000       0x2c src/asf/common/services/spi/xmega_usart_spi/usart_spi.o
 .text.usart_spi_deselect_device
                0x00000000       0x2c src/asf/common/services/spi/xmega_usart_spi/usart_spi.o
 .text          0x00000000        0x0 src/asf/xmega/boards/xmega_a3bu_xplained/init.o
 .data          0x00000000        0x0 src/asf/xmega/boards/xmega_a3bu_xplained/init.o
 .bss           0x00000000        0x0 src/asf/xmega/boards/xmega_a3bu_xplained/init.o
 .text          0x00000000        0x0 src/asf/xmega/drivers/adc/adc.o
 .data          0x00000000        0x0 src/asf/xmega/drivers/adc/adc.o
 .bss           0x00000000        0x0 src/asf/xmega/drivers/adc/adc.o
 .text.sleepmgr_unlock_mode
                0x00000000       0x42 src/asf/xmega/drivers/adc/adc.o
 .text.adc_disable
                0x00000000       0x4a src/asf/xmega/drivers/adc/adc.o
 .text.adc_is_enabled
                0x00000000       0x50 src/asf/xmega/drivers/adc/adc.o
 .text          0x00000000        0x0 src/asf/xmega/drivers/cpu/ccp.o
 .data          0x00000000        0x0 src/asf/xmega/drivers/cpu/ccp.o
 .bss           0x00000000        0x0 src/asf/xmega/drivers/cpu/ccp.o
 .text.ccp_write_io
                0x00000000        0xc src/asf/xmega/drivers/cpu/ccp.o
 .text          0x00000000        0x0 src/asf/xmega/drivers/ioport/ioport.o
 .data          0x00000000        0x0 src/asf/xmega/drivers/ioport/ioport.o
 .bss           0x00000000        0x0 src/asf/xmega/drivers/ioport/ioport.o
 .text          0x00000000        0x0 src/asf/xmega/drivers/nvm/nvm.o
 .data          0x00000000        0x0 src/asf/xmega/drivers/nvm/nvm.o
 .bss           0x00000000        0x0 src/asf/xmega/drivers/nvm/nvm.o
 .text.nvm_wait_until_ready
                0x00000000       0x1a src/asf/xmega/drivers/nvm/nvm.o
 .text.nvm_exec
                0x00000000       0x18 src/asf/xmega/drivers/nvm/nvm.o
 .text.nvm_issue_command
                0x00000000       0x42 src/asf/xmega/drivers/nvm/nvm.o
 .text.nvm_read_production_signature_row
                0x00000000       0x22 src/asf/xmega/drivers/nvm/nvm.o
 .text.nvm_read_user_signature_row
                0x00000000       0x26 src/asf/xmega/drivers/nvm/nvm.o
 .text.eeprom_enable_mapping
                0x00000000       0x20 src/asf/xmega/drivers/nvm/nvm.o
 .text.eeprom_disable_mapping
                0x00000000       0x20 src/asf/xmega/drivers/nvm/nvm.o
 .text.nvm_flash_read_byte
                0x00000000       0x48 src/asf/xmega/drivers/nvm/nvm.o
 .text.nvm_flash_read_word
                0x00000000       0x52 src/asf/xmega/drivers/nvm/nvm.o
 .text.nvm_flash_split_write_app_page
                0x00000000       0x36 src/asf/xmega/drivers/nvm/nvm.o
 .text.nvm_flash_atomic_write_app_page
                0x00000000       0x36 src/asf/xmega/drivers/nvm/nvm.o
 .text.nvm_flash_erase_user_section
                0x00000000       0x1e src/asf/xmega/drivers/nvm/nvm.o
 .text.nvm_flash_write_user_page
                0x00000000       0x1e src/asf/xmega/drivers/nvm/nvm.o
 .text.nvm_read_device_serial
                0x00000000       0xca src/asf/xmega/drivers/nvm/nvm.o
 .text.nvm_eeprom_read_byte
                0x00000000       0x50 src/asf/xmega/drivers/nvm/nvm.o
 .text.nvm_eeprom_read_buffer
                0x00000000       0x4a src/asf/xmega/drivers/nvm/nvm.o
 .text.nvm_eeprom_write_byte
                0x00000000       0x7e src/asf/xmega/drivers/nvm/nvm.o
 .text.nvm_eeprom_erase_and_write_buffer
                0x00000000       0x68 src/asf/xmega/drivers/nvm/nvm.o
 .text.nvm_eeprom_flush_buffer
                0x00000000       0x34 src/asf/xmega/drivers/nvm/nvm.o
 .text.nvm_eeprom_load_byte_to_buffer
                0x00000000       0x60 src/asf/xmega/drivers/nvm/nvm.o
 .text.nvm_eeprom_load_page_to_buffer
                0x00000000       0x82 src/asf/xmega/drivers/nvm/nvm.o
 .text.nvm_eeprom_atomic_write_page
                0x00000000       0x60 src/asf/xmega/drivers/nvm/nvm.o
 .text.nvm_eeprom_split_write_page
                0x00000000       0x60 src/asf/xmega/drivers/nvm/nvm.o
 .text.nvm_eeprom_fill_buffer_with_value
                0x00000000       0x72 src/asf/xmega/drivers/nvm/nvm.o
 .text.nvm_eeprom_erase_bytes_in_page
                0x00000000       0x60 src/asf/xmega/drivers/nvm/nvm.o
 .text.nvm_eeprom_erase_page
                0x00000000       0x20 src/asf/xmega/drivers/nvm/nvm.o
 .text.nvm_eeprom_erase_bytes_in_all_pages
                0x00000000       0x1a src/asf/xmega/drivers/nvm/nvm.o
 .text.nvm_eeprom_erase_all
                0x00000000       0x18 src/asf/xmega/drivers/nvm/nvm.o
 .text.nvm_flash_read_buffer
                0x00000000       0x92 src/asf/xmega/drivers/nvm/nvm.o
 .text.nvm_user_sig_read_buffer
                0x00000000       0x74 src/asf/xmega/drivers/nvm/nvm.o
 .text.nvm_user_sig_write_buffer
                0x00000000      0x168 src/asf/xmega/drivers/nvm/nvm.o
 .text.nvm_flash_erase_and_write_buffer
                0x00000000      0x1e2 src/asf/xmega/drivers/nvm/nvm.o
 .text.nvm_fuses_read
                0x00000000       0x38 src/asf/xmega/drivers/nvm/nvm.o
 .text          0x00000000        0x0 src/asf/xmega/drivers/nvm/nvm_asm.o
 .data          0x00000000        0x0 src/asf/xmega/drivers/nvm/nvm_asm.o
 .bss           0x00000000        0x0 src/asf/xmega/drivers/nvm/nvm_asm.o
 .BOOT          0x00000000       0x44 src/asf/xmega/drivers/nvm/nvm_asm.o
 .text          0x00000000        0x0 src/asf/xmega/drivers/usart/usart.o
 .data          0x00000000        0x0 src/asf/xmega/drivers/usart/usart.o
 .bss           0x00000000        0x0 src/asf/xmega/drivers/usart/usart.o
 .text.usart_format_set
                0x00000000       0x46 src/asf/xmega/drivers/usart/usart.o
 .text.usart_data_register_is_empty
                0x00000000       0x34 src/asf/xmega/drivers/usart/usart.o
 .text.usart_rx_is_complete
                0x00000000       0x34 src/asf/xmega/drivers/usart/usart.o
 .text.usart_init_rs232
                0x00000000       0xae src/asf/xmega/drivers/usart/usart.o
 .text.usart_putchar
                0x00000000       0x3e src/asf/xmega/drivers/usart/usart.o
 .text.usart_getchar
                0x00000000       0x36 src/asf/xmega/drivers/usart/usart.o
 .text.usart_set_baudrate
                0x00000000      0x374 src/asf/xmega/drivers/usart/usart.o
 .text          0x00000000        0x0 src/main.o
 .data          0x00000000        0x0 src/main.o
 .bss           0x00000000        0x0 src/main.o
 .text          0x00000000        0x0 c:/program files/atmel/avr studio 5.0/avr toolchain/bin/../lib/gcc/avr/4.5.1/avrxmega6\libgcc.a(_mulsi3.o)
 .data          0x00000000        0x0 c:/program files/atmel/avr studio 5.0/avr toolchain/bin/../lib/gcc/avr/4.5.1/avrxmega6\libgcc.a(_mulsi3.o)
 .bss           0x00000000        0x0 c:/program files/atmel/avr studio 5.0/avr toolchain/bin/../lib/gcc/avr/4.5.1/avrxmega6\libgcc.a(_mulsi3.o)
 .text          0x00000000        0x0 c:/program files/atmel/avr studio 5.0/avr toolchain/bin/../lib/gcc/avr/4.5.1/avrxmega6\libgcc.a(_udivmodhi4.o)
 .data          0x00000000        0x0 c:/program files/atmel/avr studio 5.0/avr toolchain/bin/../lib/gcc/avr/4.5.1/avrxmega6\libgcc.a(_udivmodhi4.o)
 .bss           0x00000000        0x0 c:/program files/atmel/avr studio 5.0/avr toolchain/bin/../lib/gcc/avr/4.5.1/avrxmega6\libgcc.a(_udivmodhi4.o)
 .text          0x00000000        0x0 c:/program files/atmel/avr studio 5.0/avr toolchain/bin/../lib/gcc/avr/4.5.1/avrxmega6\libgcc.a(_udivmodsi4.o)
 .data          0x00000000        0x0 c:/program files/atmel/avr studio 5.0/avr toolchain/bin/../lib/gcc/avr/4.5.1/avrxmega6\libgcc.a(_udivmodsi4.o)
 .bss           0x00000000        0x0 c:/program files/atmel/avr studio 5.0/avr toolchain/bin/../lib/gcc/avr/4.5.1/avrxmega6\libgcc.a(_udivmodsi4.o)
 .text          0x00000000        0x0 c:/program files/atmel/avr studio 5.0/avr toolchain/bin/../lib/gcc/avr/4.5.1/avrxmega6\libgcc.a(_exit.o)
 .data          0x00000000        0x0 c:/program files/atmel/avr studio 5.0/avr toolchain/bin/../lib/gcc/avr/4.5.1/avrxmega6\libgcc.a(_exit.o)
 .bss           0x00000000        0x0 c:/program files/atmel/avr studio 5.0/avr toolchain/bin/../lib/gcc/avr/4.5.1/avrxmega6\libgcc.a(_exit.o)
 .text.libgcc   0x00000000        0x0 c:/program files/atmel/avr studio 5.0/avr toolchain/bin/../lib/gcc/avr/4.5.1/avrxmega6\libgcc.a(_exit.o)
 .text          0x00000000        0x0 c:/program files/atmel/avr studio 5.0/avr toolchain/bin/../lib/gcc/avr/4.5.1/avrxmega6\libgcc.a(_copy_data.o)
 .data          0x00000000        0x0 c:/program files/atmel/avr studio 5.0/avr toolchain/bin/../lib/gcc/avr/4.5.1/avrxmega6\libgcc.a(_copy_data.o)
 .bss           0x00000000        0x0 c:/program files/atmel/avr studio 5.0/avr toolchain/bin/../lib/gcc/avr/4.5.1/avrxmega6\libgcc.a(_copy_data.o)
 .text.libgcc   0x00000000        0x0 c:/program files/atmel/avr studio 5.0/avr toolchain/bin/../lib/gcc/avr/4.5.1/avrxmega6\libgcc.a(_copy_data.o)
 .text          0x00000000        0x0 c:/program files/atmel/avr studio 5.0/avr toolchain/bin/../lib/gcc/avr/4.5.1/avrxmega6\libgcc.a(_clear_bss.o)
 .data          0x00000000        0x0 c:/program files/atmel/avr studio 5.0/avr toolchain/bin/../lib/gcc/avr/4.5.1/avrxmega6\libgcc.a(_clear_bss.o)
 .bss           0x00000000        0x0 c:/program files/atmel/avr studio 5.0/avr toolchain/bin/../lib/gcc/avr/4.5.1/avrxmega6\libgcc.a(_clear_bss.o)
 .text.libgcc   0x00000000        0x0 c:/program files/atmel/avr studio 5.0/avr toolchain/bin/../lib/gcc/avr/4.5.1/avrxmega6\libgcc.a(_clear_bss.o)
 .text          0x00000000        0x0 c:/program files/atmel/avr studio 5.0/avr toolchain/bin/../lib/gcc/avr/4.5.1/../../../../avr/lib/avrxmega6\libc.a(memcpy.o)
 .data          0x00000000        0x0 c:/program files/atmel/avr studio 5.0/avr toolchain/bin/../lib/gcc/avr/4.5.1/../../../../avr/lib/avrxmega6\libc.a(memcpy.o)
 .bss           0x00000000        0x0 c:/program files/atmel/avr studio 5.0/avr toolchain/bin/../lib/gcc/avr/4.5.1/../../../../avr/lib/avrxmega6\libc.a(memcpy.o)
 .text.avr-libc
                0x00000000       0x12 c:/program files/atmel/avr studio 5.0/avr toolchain/bin/../lib/gcc/avr/4.5.1/../../../../avr/lib/avrxmega6\libc.a(memcpy.o)

Memory Configuration

Name             Origin             Length             Attributes
text             0x00000000         0x00100000         xr
data             0x00802000         0x0000ffa0         rw !x
eeprom           0x00810000         0x00010000         rw !x
fuse             0x00820000         0x00000400         rw !x
lock             0x00830000         0x00000400         rw !x
signature        0x00840000         0x00000400         rw !x
*default*        0x00000000         0xffffffff

Linker script and memory map

LOAD c:/program files/atmel/avr studio 5.0/avr toolchain/bin/../lib/gcc/avr/4.5.1/../../../../avr/lib/avrxmega6/crtx256a3bu.o
LOAD src/asf/common/components/display/st7565r/st7565r.o
LOAD src/asf/common/services/clock/xmega/sysclk.o
LOAD src/asf/common/services/gfx_mono/gfx_mono_c12832_a1z.o
LOAD src/asf/common/services/gfx_mono/gfx_mono_framebuffer.o
LOAD src/asf/common/services/gfx_mono/gfx_mono_generic.o
LOAD src/asf/common/services/gfx_mono/gfx_mono_text.o
LOAD src/asf/common/services/gfx_mono/sysfont.o
LOAD src/asf/common/services/sleepmgr/xmega/sleepmgr.o
LOAD src/asf/common/services/spi/xmega_usart_spi/usart_spi.o
LOAD src/asf/xmega/boards/xmega_a3bu_xplained/init.o
LOAD src/asf/xmega/drivers/adc/adc.o
LOAD src/asf/xmega/drivers/cpu/ccp.o
LOAD src/asf/xmega/drivers/ioport/ioport.o
LOAD src/asf/xmega/drivers/nvm/nvm.o
LOAD src/asf/xmega/drivers/nvm/nvm_asm.o
LOAD src/asf/xmega/drivers/usart/usart.o
LOAD src/main.o
LOAD c:/program files/atmel/avr studio 5.0/avr toolchain/bin/../lib/gcc/avr/4.5.1/avrxmega6\libgcc.a
LOAD c:/program files/atmel/avr studio 5.0/avr toolchain/bin/../lib/gcc/avr/4.5.1/../../../../avr/lib/avrxmega6\libc.a
LOAD c:/program files/atmel/avr studio 5.0/avr toolchain/bin/../lib/gcc/avr/4.5.1/avrxmega6\libgcc.a

.hash
 *(.hash)

.dynsym
 *(.dynsym)

.dynstr
 *(.dynstr)

.gnu.version
 *(.gnu.version)

.gnu.version_d
 *(.gnu.version_d)

.gnu.version_r
 *(.gnu.version_r)

.rel.init
 *(.rel.init)

.rela.init
 *(.rela.init)

.rel.text
 *(.rel.text)
 *(.rel.text.*)
 *(.rel.gnu.linkonce.t*)

.rela.text
 *(.rela.text)
 *(.rela.text.*)
 *(.rela.gnu.linkonce.t*)

.rel.fini
 *(.rel.fini)

.rela.fini
 *(.rela.fini)

.rel.rodata
 *(.rel.rodata)
 *(.rel.rodata.*)
 *(.rel.gnu.linkonce.r*)

.rela.rodata
 *(.rela.rodata)
 *(.rela.rodata.*)
 *(.rela.gnu.linkonce.r*)

.rel.data
 *(.rel.data)
 *(.rel.data.*)
 *(.rel.gnu.linkonce.d*)

.rela.data
 *(.rela.data)
 *(.rela.data.*)
 *(.rela.gnu.linkonce.d*)

.rel.ctors
 *(.rel.ctors)

.rela.ctors
 *(.rela.ctors)

.rel.dtors
 *(.rel.dtors)

.rela.dtors
 *(.rela.dtors)

.rel.got
 *(.rel.got)

.rela.got
 *(.rela.got)

.rel.bss
 *(.rel.bss)

.rela.bss
 *(.rela.bss)

.rel.plt
 *(.rel.plt)

.rela.plt
 *(.rela.plt)

.text           0x00000000     0x2d9e
 *(.vectors)
 .vectors       0x00000000      0x1fc c:/program files/atmel/avr studio 5.0/avr toolchain/bin/../lib/gcc/avr/4.5.1/../../../../avr/lib/avrxmega6/crtx256a3bu.o
                0x00000000                __vector_default
                0x00000000                __vectors
 *(.vectors)
 *(.progmem.gcc*)
 *(.progmem*)
                0x000001fc                . = ALIGN (0x2)
                0x000001fc                __trampolines_start = .
 *(.trampolines)
 .trampolines   0x000001fc        0x0 linker stubs
 *(.trampolines*)
                0x000001fc                __trampolines_end = .
 *(.jumptables)
 *(.jumptables*)
 *(.lowtext)
 *(.lowtext*)
                0x000001fc                __ctors_start = .
 *(.ctors)
                0x000001fc                __ctors_end = .
                0x000001fc                __dtors_start = .
 *(.dtors)
                0x000001fc                __dtors_end = .
 SORT(*)(.ctors)
 SORT(*)(.dtors)
 *(.init0)
 .init0         0x000001fc        0x0 c:/program files/atmel/avr studio 5.0/avr toolchain/bin/../lib/gcc/avr/4.5.1/../../../../avr/lib/avrxmega6/crtx256a3bu.o
                0x000001fc                __init
 *(.init0)
 *(.init1)
 *(.init1)
 *(.init2)
 .init2         0x000001fc       0x10 c:/program files/atmel/avr studio 5.0/avr toolchain/bin/../lib/gcc/avr/4.5.1/../../../../avr/lib/avrxmega6/crtx256a3bu.o
 *(.init2)
 *(.init3)
 *(.init3)
 *(.init4)
 .init4         0x0000020c       0x1a c:/program files/atmel/avr studio 5.0/avr toolchain/bin/../lib/gcc/avr/4.5.1/avrxmega6\libgcc.a(_copy_data.o)
                0x0000020c                __do_copy_data
 .init4         0x00000226       0x10 c:/program files/atmel/avr studio 5.0/avr toolchain/bin/../lib/gcc/avr/4.5.1/avrxmega6\libgcc.a(_clear_bss.o)
                0x00000226                __do_clear_bss
 *(.init4)
 *(.init5)
 *(.init5)
 *(.init6)
 *(.init6)
 *(.init7)
 *(.init7)
 *(.init8)
 *(.init8)
 *(.init9)
 .init9         0x00000236        0x8 c:/program files/atmel/avr studio 5.0/avr toolchain/bin/../lib/gcc/avr/4.5.1/../../../../avr/lib/avrxmega6/crtx256a3bu.o
 *(.init9)
 *(.text)
 .text          0x0000023e        0x2 c:/program files/atmel/avr studio 5.0/avr toolchain/bin/../lib/gcc/avr/4.5.1/../../../../avr/lib/avrxmega6/crtx256a3bu.o
                0x0000023e                __vector_38
                0x0000023e                __vector_104
                0x0000023e                __vector_22
                0x0000023e                __vector_63
                0x0000023e                __vector_28
                0x0000023e                __vector_67
                0x0000023e                __vector_1
                0x0000023e                __vector_119
                0x0000023e                __vector_32
                0x0000023e                __vector_75
                0x0000023e                __vector_91
                0x0000023e                __vector_34
                0x0000023e                __vector_62
                0x0000023e                __vector_77
                0x0000023e                __vector_102
                0x0000023e                __vector_24
                0x0000023e                __vector_12
                0x0000023e                __vector_55
                0x0000023e                __vector_69
                0x0000023e                __vector_81
                0x0000023e                __vector_90
                0x0000023e                __vector_46
                0x0000023e                __bad_interrupt
                0x0000023e                __vector_122
                0x0000023e                __vector_114
                0x0000023e                __vector_6
                0x0000023e                __vector_110
                0x0000023e                __vector_31
                0x0000023e                __vector_92
                0x0000023e                __vector_35
                0x0000023e                __vector_78
                0x0000023e                __vector_117
                0x0000023e                __vector_107
                0x0000023e                __vector_3
                0x0000023e                __vector_105
                0x0000023e                __vector_98
                0x0000023e                __vector_23
                0x0000023e                __vector_68
                0x0000023e                __vector_30
                0x0000023e                __vector_45
                0x0000023e                __vector_25
                0x0000023e                __vector_93
                0x0000023e                __vector_61
                0x0000023e                __vector_11
                0x0000023e                __vector_54
                0x0000023e                __vector_99
                0x0000023e                __vector_13
                0x0000023e                __vector_17
                0x0000023e                __vector_19
                0x0000023e                __vector_56
                0x0000023e                __vector_7
                0x0000023e                __vector_125
                0x0000023e                __vector_49
                0x0000023e                __vector_123
                0x0000023e                __vector_86
                0x0000023e                __vector_100
                0x0000023e                __vector_101
                0x0000023e                __vector_64
                0x0000023e                __vector_88
                0x0000023e                __vector_109
                0x0000023e                __vector_43
                0x0000023e                __vector_27
                0x0000023e                __vector_5
                0x0000023e                __vector_113
                0x0000023e                __vector_33
                0x0000023e                __vector_76
                0x0000023e                __vector_115
                0x0000023e                __vector_47
                0x0000023e                __vector_52
                0x0000023e                __vector_37
                0x0000023e                __vector_95
                0x0000023e                __vector_103
                0x0000023e                __vector_96
                0x0000023e                __vector_89
                0x0000023e                __vector_108
                0x0000023e                __vector_4
                0x0000023e                __vector_44
                0x0000023e                __vector_82
                0x0000023e                __vector_106
                0x0000023e                __vector_118
                0x0000023e                __vector_51
                0x0000023e                __vector_9
                0x0000023e                __vector_2
                0x0000023e                __vector_21
                0x0000023e                __vector_15
                0x0000023e                __vector_66
                0x0000023e                __vector_36
                0x0000023e                __vector_79
                0x0000023e                __vector_58
                0x0000023e                __vector_70
                0x0000023e                __vector_83
                0x0000023e                __vector_29
                0x0000023e                __vector_60
                0x0000023e                __vector_121
                0x0000023e                __vector_85
                0x0000023e                __vector_94
                0x0000023e                __vector_126
                0x0000023e                __vector_8
                0x0000023e                __vector_26
                0x0000023e                __vector_48
                0x0000023e                __vector_124
                0x0000023e                __vector_116
                0x0000023e                __vector_112
                0x0000023e                __vector_111
                0x0000023e                __vector_80
                0x0000023e                __vector_14
                0x0000023e                __vector_84
                0x0000023e                __vector_57
                0x0000023e                __vector_53
                0x0000023e                __vector_10
                0x0000023e                __vector_50
                0x0000023e                __vector_16
                0x0000023e                __vector_59
                0x0000023e                __vector_18
                0x0000023e                __vector_97
                0x0000023e                __vector_20
                0x0000023e                __vector_87
                0x0000023e                __vector_65
                0x0000023e                __vector_120
                0x00000240                . = ALIGN (0x2)
 *(.text.*)
 .text.ioport_pin_to_port
                0x00000240       0x32 src/asf/common/components/display/st7565r/st7565r.o
 .text.ioport_pin_to_mask
                0x00000272       0x30 src/asf/common/components/display/st7565r/st7565r.o
 .text.ioport_set_value
                0x000002a2       0x48 src/asf/common/components/display/st7565r/st7565r.o
 .text.sysclk_get_main_hz
                0x000002ea       0x1a src/asf/common/components/display/st7565r/st7565r.o
 .text.sysclk_get_per4_hz
                0x00000304       0x34 src/asf/common/components/display/st7565r/st7565r.o
 .text.sysclk_get_per2_hz
                0x00000338       0x18 src/asf/common/components/display/st7565r/st7565r.o
 .text.sysclk_get_per_hz
                0x00000350       0x18 src/asf/common/components/display/st7565r/st7565r.o
 .text.sysclk_get_cpu_hz
                0x00000368       0x18 src/asf/common/components/display/st7565r/st7565r.o
 .text.usart_data_register_is_empty
                0x00000380       0x34 src/asf/common/components/display/st7565r/st7565r.o
 .text.usart_tx_is_complete
                0x000003b4       0x34 src/asf/common/components/display/st7565r/st7565r.o
 .text.usart_clear_tx_complete
                0x000003e8       0x24 src/asf/common/components/display/st7565r/st7565r.o
 .text.usart_put
                0x0000040c       0x26 src/asf/common/components/display/st7565r/st7565r.o
 .text.usart_get
                0x00000432       0x22 src/asf/common/components/display/st7565r/st7565r.o
 .text.usart_spi_transmit
                0x00000454       0x54 src/asf/common/components/display/st7565r/st7565r.o
 .text.st7565r_write_command
                0x000004a8       0x2e src/asf/common/components/display/st7565r/st7565r.o
 .text.st7565r_hard_reset
                0x000004d6       0x96 src/asf/common/components/display/st7565r/st7565r.o
 .text.st7565r_display_on
                0x0000056c       0x12 src/asf/common/components/display/st7565r/st7565r.o
 .text.st7565r_set_contrast
                0x0000057e       0x36 src/asf/common/components/display/st7565r/st7565r.o
 .text.st7565r_display_invert_disable
                0x000005b4       0x12 src/asf/common/components/display/st7565r/st7565r.o
 .text.st7565r_interface_init
                0x000005c6       0x66 src/asf/common/components/display/st7565r/st7565r.o
 .text.st7565r_init
                0x0000062c       0x3c src/asf/common/components/display/st7565r/st7565r.o
                0x0000062c                st7565r_init
 .text.cpu_irq_save
                0x00000668       0x20 src/asf/common/services/clock/xmega/sysclk.o
 .text.cpu_irq_restore
                0x00000688       0x1e src/asf/common/services/clock/xmega/sysclk.o
 .text.sysclk_init
                0x000006a6       0x42 src/asf/common/services/clock/xmega/sysclk.o
                0x000006a6                sysclk_init
 .text.sysclk_enable_module
                0x000006e8       0x46 src/asf/common/services/clock/xmega/sysclk.o
                0x000006e8                sysclk_enable_module
 .text.sysclk_disable_module
                0x0000072e       0x42 src/asf/common/services/clock/xmega/sysclk.o
                0x0000072e                sysclk_disable_module
 .text.ioport_pin_to_port
                0x00000770       0x32 src/asf/common/services/gfx_mono/gfx_mono_c12832_a1z.o
 .text.ioport_pin_to_mask
                0x000007a2       0x30 src/asf/common/services/gfx_mono/gfx_mono_c12832_a1z.o
 .text.ioport_set_value
                0x000007d2       0x48 src/asf/common/services/gfx_mono/gfx_mono_c12832_a1z.o
 .text.usart_data_register_is_empty
                0x0000081a       0x34 src/asf/common/services/gfx_mono/gfx_mono_c12832_a1z.o
 .text.usart_tx_is_complete
                0x0000084e       0x34 src/asf/common/services/gfx_mono/gfx_mono_c12832_a1z.o
 .text.usart_clear_tx_complete
                0x00000882       0x24 src/asf/common/services/gfx_mono/gfx_mono_c12832_a1z.o
 .text.usart_put
                0x000008a6       0x26 src/asf/common/services/gfx_mono/gfx_mono_c12832_a1z.o
 .text.usart_get
                0x000008cc       0x22 src/asf/common/services/gfx_mono/gfx_mono_c12832_a1z.o
 .text.usart_spi_transmit
                0x000008ee       0x54 src/asf/common/services/gfx_mono/gfx_mono_c12832_a1z.o
 .text.st7565r_write_command
                0x00000942       0x2e src/asf/common/services/gfx_mono/gfx_mono_c12832_a1z.o
 .text.st7565r_write_data
                0x00000970       0x34 src/asf/common/services/gfx_mono/gfx_mono_c12832_a1z.o
 .text.st7565r_set_page_address
                0x000009a4       0x20 src/asf/common/services/gfx_mono/gfx_mono_c12832_a1z.o
 .text.st7565r_set_column_address
                0x000009c4       0x2a src/asf/common/services/gfx_mono/gfx_mono_c12832_a1z.o
 .text.st7565r_set_display_start_line_address
                0x000009ee       0x20 src/asf/common/services/gfx_mono/gfx_mono_c12832_a1z.o
 .text.gfx_mono_st7565r_init
                0x00000a0e       0x4a src/asf/common/services/gfx_mono/gfx_mono_c12832_a1z.o
                0x00000a0e                gfx_mono_st7565r_init
 .text.gfx_mono_st7565r_draw_pixel
                0x00000a58       0xbe src/asf/common/services/gfx_mono/gfx_mono_c12832_a1z.o
                0x00000a58                gfx_mono_st7565r_draw_pixel
 .text.gfx_mono_st7565r_put_byte
                0x00000b16       0x30 src/asf/common/services/gfx_mono/gfx_mono_c12832_a1z.o
                0x00000b16                gfx_mono_st7565r_put_byte
 .text.gfx_mono_st7565r_get_byte
                0x00000b46       0x20 src/asf/common/services/gfx_mono/gfx_mono_c12832_a1z.o
                0x00000b46                gfx_mono_st7565r_get_byte
 .text.gfx_mono_set_framebuffer
                0x00000b66       0x26 src/asf/common/services/gfx_mono/gfx_mono_framebuffer.o
                0x00000b66                gfx_mono_set_framebuffer
 .text.gfx_mono_framebuffer_put_byte
                0x00000b8c       0x4a src/asf/common/services/gfx_mono/gfx_mono_framebuffer.o
                0x00000b8c                gfx_mono_framebuffer_put_byte
 .text.gfx_mono_framebuffer_get_byte
                0x00000bd6       0x46 src/asf/common/services/gfx_mono/gfx_mono_framebuffer.o
                0x00000bd6                gfx_mono_framebuffer_get_byte
 .text.gfx_mono_generic_draw_horizontal_line
                0x00000c1c      0x168 src/asf/common/services/gfx_mono/gfx_mono_generic.o
                0x00000c1c                gfx_mono_generic_draw_horizontal_line
 .text.gfx_mono_generic_draw_filled_rect
                0x00000d84       0x5e src/asf/common/services/gfx_mono/gfx_mono_generic.o
                0x00000d84                gfx_mono_generic_draw_filled_rect
 .text.usart_spi_init
                0x00000de2       0x9c src/asf/common/services/spi/xmega_usart_spi/usart_spi.o
                0x00000de2                usart_spi_init
 .text.usart_spi_setup_device
                0x00000e7e       0x72 src/asf/common/services/spi/xmega_usart_spi/usart_spi.o
                0x00000e7e                usart_spi_setup_device
 .text.ioport_pin_to_port
                0x00000ef0       0x32 src/asf/xmega/boards/xmega_a3bu_xplained/init.o
 .text.ioport_pin_to_mask
                0x00000f22       0x30 src/asf/xmega/boards/xmega_a3bu_xplained/init.o
 .text.ioport_configure_pin
                0x00000f52       0x3c src/asf/xmega/boards/xmega_a3bu_xplained/init.o
 .text.board_init
                0x00000f8e       0x66 src/asf/xmega/boards/xmega_a3bu_xplained/init.o
                0x00000f8e                board_init
 .text.cpu_irq_save
                0x00000ff4       0x20 src/asf/xmega/drivers/adc/adc.o
 .text.cpu_irq_restore
                0x00001014       0x1e src/asf/xmega/drivers/adc/adc.o
 .text.nvm_read_production_signature_row
                0x00001032       0x20 src/asf/xmega/drivers/adc/adc.o
 .text.sleepmgr_lock_mode
                0x00001052       0x3e src/asf/xmega/drivers/adc/adc.o
 .text.adc_get_calibration_data
                0x00001090       0xc6 src/asf/xmega/drivers/adc/adc.o
 .text.__vector_71
                0x00001156       0xe6 src/asf/xmega/drivers/adc/adc.o
                0x00001156                __vector_71
 .text.__vector_72
                0x0000123c       0xe6 src/asf/xmega/drivers/adc/adc.o
                0x0000123c                __vector_72
 .text.__vector_73
                0x00001322       0xe6 src/asf/xmega/drivers/adc/adc.o
                0x00001322                __vector_73
 .text.__vector_74
                0x00001408       0xe6 src/asf/xmega/drivers/adc/adc.o
                0x00001408                __vector_74
 .text.__vector_39
                0x000014ee       0xe6 src/asf/xmega/drivers/adc/adc.o
                0x000014ee                __vector_39
 .text.__vector_40
                0x000015d4       0xe6 src/asf/xmega/drivers/adc/adc.o
                0x000015d4                __vector_40
 .text.__vector_41
                0x000016ba       0xe6 src/asf/xmega/drivers/adc/adc.o
                0x000016ba                __vector_41
 .text.__vector_42
                0x000017a0       0xe6 src/asf/xmega/drivers/adc/adc.o
                0x000017a0                __vector_42
 .text.adc_enable_clock
                0x00001886       0x74 src/asf/xmega/drivers/adc/adc.o
 .text.adc_disable_clock
                0x000018fa       0x6c src/asf/xmega/drivers/adc/adc.o
 .text.adc_enable
                0x00001966       0x42 src/asf/xmega/drivers/adc/adc.o
                0x00001966                adc_enable
 .text.adc_write_configuration
                0x000019a8       0xf8 src/asf/xmega/drivers/adc/adc.o
                0x000019a8                adc_write_configuration
 .text.adc_read_configuration
                0x00001aa0       0x9e src/asf/xmega/drivers/adc/adc.o
                0x00001aa0                adc_read_configuration
 .text.adcch_write_configuration
                0x00001b3e       0xd4 src/asf/xmega/drivers/adc/adc.o
                0x00001b3e                adcch_write_configuration
 .text.adcch_read_configuration
                0x00001c12       0xd4 src/asf/xmega/drivers/adc/adc.o
                0x00001c12                adcch_read_configuration
 .text.adc_set_callback
                0x00001ce6       0x5c src/asf/xmega/drivers/adc/adc.o
                0x00001ce6                adc_set_callback
 .text.ioport_configure_port_pin
                0x00001d42       0xb4 src/asf/xmega/drivers/ioport/ioport.o
                0x00001d42                ioport_configure_port_pin
 .text.nvm_read_byte
                0x00001df6       0x14 src/asf/xmega/drivers/nvm/nvm_asm.o
                0x00001df6                nvm_read_byte
 .text.usart_rx_enable
                0x00001e0a       0x2e src/asf/xmega/drivers/usart/usart.o
 .text.usart_tx_enable
                0x00001e38       0x2e src/asf/xmega/drivers/usart/usart.o
 .text.usart_set_mode
                0x00001e66       0x3a src/asf/xmega/drivers/usart/usart.o
 .text.ioport_pin_to_port
                0x00001ea0       0x32 src/asf/xmega/drivers/usart/usart.o
 .text.ioport_pin_to_mask
                0x00001ed2       0x30 src/asf/xmega/drivers/usart/usart.o
 .text.sysclk_get_main_hz
                0x00001f02       0x1a src/asf/xmega/drivers/usart/usart.o
 .text.sysclk_get_per4_hz
                0x00001f1c       0x34 src/asf/xmega/drivers/usart/usart.o
 .text.sysclk_get_per2_hz
                0x00001f50       0x18 src/asf/xmega/drivers/usart/usart.o
 .text.sysclk_get_per_hz
                0x00001f68       0x18 src/asf/xmega/drivers/usart/usart.o
 .text.usart_enable_module_clock
                0x00001f80       0x9e src/asf/xmega/drivers/usart/usart.o
 .text.usart_init_spi
                0x0000201e      0x1b4 src/asf/xmega/drivers/usart/usart.o
                0x0000201e                usart_init_spi
 .text.usart_spi_set_baudrate
                0x000021d2       0x92 src/asf/xmega/drivers/usart/usart.o
                0x000021d2                usart_spi_set_baudrate
 .text.cpu_irq_save
                0x00002264       0x20 src/main.o
 .text.cpu_irq_restore
                0x00002284       0x1e src/main.o
 .text.ioport_pin_to_port
                0x000022a2       0x32 src/main.o
 .text.ioport_pin_to_mask
                0x000022d4       0x30 src/main.o
 .text.ioport_set_value
                0x00002304       0x48 src/main.o
 .text.ioport_set_pin_high
                0x0000234c       0x2e src/main.o
 .text.ioport_pin_is_low
                0x0000237a       0x50 src/main.o
 .text.sysclk_get_main_hz
                0x000023ca       0x1a src/main.o
 .text.sysclk_get_per4_hz
                0x000023e4       0x34 src/main.o
 .text.sysclk_get_per2_hz
                0x00002418       0x18 src/main.o
 .text.sysclk_get_per_hz
                0x00002430       0x18 src/main.o
 .text.adc_start_conversion
                0x00002448       0x4a src/main.o
 .text.adc_set_clock_rate
                0x00002492       0xd0 src/main.o
 .text.adc_set_conversion_parameters
                0x00002562       0x82 src/main.o
 .text.adc_set_conversion_trigger
                0x000025e4      0x178 src/main.o
 .text.adcch_get_gain_setting
                0x0000275c       0x6c src/main.o
 .text.adcch_set_input
                0x000027c8       0xd0 src/main.o
 .text.adcch_set_interrupt_mode
                0x00002898       0x4a src/main.o
 .text.adcch_enable_interrupt
                0x000028e2       0x42 src/main.o
 .text.pmic_init
                0x00002924       0x18 src/main.o
 .text.usart_data_register_is_empty
                0x0000293c       0x34 src/main.o
 .text.usart_tx_is_complete
                0x00002970       0x34 src/main.o
 .text.usart_clear_tx_complete
                0x000029a4       0x24 src/main.o
 .text.usart_put
                0x000029c8       0x26 src/main.o
 .text.usart_get
                0x000029ee       0x22 src/main.o
 .text.usart_spi_transmit
                0x00002a10       0x54 src/main.o
 .text.st7565r_write_command
                0x00002a64       0x2e src/main.o
 .text.st7565r_set_contrast
                0x00002a92       0x36 src/main.o
 .text.clear_lcd
                0x00002ac8       0x26 src/main.o
 .text.setup_graph_display
                0x00002aee       0x14 src/main.o
 .text.setup_text_display
                0x00002b02       0x10 src/main.o
 .text.adc_handler
                0x00002b12       0x4c src/main.o
 .text.setup_lcd
                0x00002b5e       0x1a src/main.o
 .text.setup_adc
                0x00002b78       0xa2 src/main.o
 .text.update_graph_display
                0x00002c1a       0x56 src/main.o
                0x00002c1a                update_graph_display
 .text.update_text_display
                0x00002c70        0xe src/main.o
                0x00002c70                update_text_display
 .text.set_mode
                0x00002c7e       0x2c src/main.o
                0x00002c7e                set_mode
 .text.main     0x00002caa       0x46 src/main.o
                0x00002caa                main
 .text.libgcc   0x00002cf0       0x3e c:/program files/atmel/avr studio 5.0/avr toolchain/bin/../lib/gcc/avr/4.5.1/avrxmega6\libgcc.a(_mulsi3.o)
                0x00002cf0                __mulsi3
 .text.libgcc   0x00002d2e       0x28 c:/program files/atmel/avr studio 5.0/avr toolchain/bin/../lib/gcc/avr/4.5.1/avrxmega6\libgcc.a(_udivmodhi4.o)
                0x00002d2e                __udivmodhi4
 .text.libgcc   0x00002d56       0x44 c:/program files/atmel/avr studio 5.0/avr toolchain/bin/../lib/gcc/avr/4.5.1/avrxmega6\libgcc.a(_udivmodsi4.o)
                0x00002d56                __udivmodsi4
                0x00002d9a                . = ALIGN (0x2)
 *(.fini9)
 .fini9         0x00002d9a        0x0 c:/program files/atmel/avr studio 5.0/avr toolchain/bin/../lib/gcc/avr/4.5.1/avrxmega6\libgcc.a(_exit.o)
                0x00002d9a                _exit
                0x00002d9a                exit
 *(.fini9)
 *(.fini8)
 *(.fini8)
 *(.fini7)
 *(.fini7)
 *(.fini6)
 *(.fini6)
 *(.fini5)
 *(.fini5)
 *(.fini4)
 *(.fini4)
 *(.fini3)
 *(.fini3)
 *(.fini2)
 *(.fini2)
 *(.fini1)
 *(.fini1)
 *(.fini0)
 .fini0         0x00002d9a        0x4 c:/program files/atmel/avr studio 5.0/avr toolchain/bin/../lib/gcc/avr/4.5.1/avrxmega6\libgcc.a(_exit.o)
 *(.fini0)
                0x00002d9e                _etext = .

.data           0x00802000        0x2 load address 0x00002d9e
                0x00802000                PROVIDE (__data_start, .)
 *(.data)
 *(.data*)
 *(.rodata)
 *(.rodata*)
 .rodata.SCALED_LCD_HEIGHT
                0x00802000        0x2 src/main.o
 *(.gnu.linkonce.d*)
                0x00802002                . = ALIGN (0x2)
                0x00802002                _edata = .
                0x00802002                PROVIDE (__data_end, .)

.bss            0x00802002      0x21b
                0x00802002                PROVIDE (__bss_start, .)
 *(.bss)
 *(.bss*)
 .bss.framebuffer
                0x00802002      0x200 src/asf/common/services/gfx_mono/gfx_mono_c12832_a1z.o
 .bss.fbpointer
                0x00802202        0x2 src/asf/common/services/gfx_mono/gfx_mono_framebuffer.o
 .bss.adca_enable_count
                0x00802204        0x1 src/asf/xmega/drivers/adc/adc.o
 .bss.adca_callback
                0x00802205        0x2 src/asf/xmega/drivers/adc/adc.o
 .bss.adcb_enable_count
                0x00802207        0x1 src/asf/xmega/drivers/adc/adc.o
 .bss.adcb_callback
                0x00802208        0x2 src/asf/xmega/drivers/adc/adc.o
 .bss.adc_config
                0x0080220a        0x7 src/main.o
 .bss.adcch_config
                0x00802211        0x3 src/main.o
 .bss.scaled_light_reading
                0x00802214        0x1 src/main.o
 .bss.mode      0x00802215        0x1 src/main.o
 .bss.x         0x00802216        0x1 src/main.o
 *(COMMON)
 COMMON         0x00802217        0x6 src/asf/common/services/sleepmgr/xmega/sleepmgr.o
                0x00802217                sleepmgr_locks
                0x0080221d                PROVIDE (__bss_end, .)
                0x00002d9e                __data_load_start = LOADADDR (.data)
                0x00002da0                __data_load_end = (__data_load_start + SIZEOF (.data))

.noinit         0x0080221d        0x0
                0x0080221d                PROVIDE (__noinit_start, .)
 *(.noinit*)
                0x0080221d                PROVIDE (__noinit_end, .)
                0x0080221d                _end = .
                0x0080221d                PROVIDE (__heap_start, .)

.eeprom         0x00810000        0x0
 *(.eeprom*)
                0x00810000                __eeprom_end = .

.fuse
 *(.fuse)
 *(.lfuse)
 *(.hfuse)
 *(.efuse)

.lock
 *(.lock*)

.signature
 *(.signature*)

.stab           0x00000000      0x768
 *(.stab)
 .stab          0x00000000      0x6e4 c:/program files/atmel/avr studio 5.0/avr toolchain/bin/../lib/gcc/avr/4.5.1/../../../../avr/lib/avrxmega6/crtx256a3bu.o
 .stab          0x000006e4       0x84 c:/program files/atmel/avr studio 5.0/avr toolchain/bin/../lib/gcc/avr/4.5.1/../../../../avr/lib/avrxmega6\libc.a(memcpy.o)
                                 0x90 (size before relaxing)

.stabstr        0x00000000       0xe7
 *(.stabstr)
 .stabstr       0x00000000       0xe7 c:/program files/atmel/avr studio 5.0/avr toolchain/bin/../lib/gcc/avr/4.5.1/../../../../avr/lib/avrxmega6/crtx256a3bu.o

.stab.excl
 *(.stab.excl)

.stab.exclstr
 *(.stab.exclstr)

.stab.index
 *(.stab.index)

.stab.indexstr
 *(.stab.indexstr)

.comment
 *(.comment)

.debug
 *(.debug)

.line
 *(.line)

.debug_srcinfo
 *(.debug_srcinfo)

.debug_sfnames
 *(.debug_sfnames)

.debug_aranges  0x00000000      0x800
 *(.debug_aranges)
 .debug_aranges
                0x00000000       0xc0 src/asf/common/components/display/st7565r/st7565r.o
 .debug_aranges
                0x000000c0       0x50 src/asf/common/services/clock/xmega/sysclk.o
 .debug_aranges
                0x00000110       0xd0 src/asf/common/services/gfx_mono/gfx_mono_c12832_a1z.o
 .debug_aranges
                0x000001e0       0x58 src/asf/common/services/gfx_mono/gfx_mono_framebuffer.o
 .debug_aranges
                0x00000238       0x58 src/asf/common/services/gfx_mono/gfx_mono_generic.o
 .debug_aranges
                0x00000290       0x48 src/asf/common/services/gfx_mono/gfx_mono_text.o
 .debug_aranges
                0x000002d8       0x98 src/asf/common/services/spi/xmega_usart_spi/usart_spi.o
 .debug_aranges
                0x00000370       0x38 src/asf/xmega/boards/xmega_a3bu_xplained/init.o
 .debug_aranges
                0x000003a8       0xd8 src/asf/xmega/drivers/adc/adc.o
 .debug_aranges
                0x00000480       0x20 src/asf/xmega/drivers/cpu/ccp.o
 .debug_aranges
                0x000004a0       0x20 src/asf/xmega/drivers/ioport/ioport.o
 .debug_aranges
                0x000004c0      0x120 src/asf/xmega/drivers/nvm/nvm.o
 .debug_aranges
                0x000005e0       0x28 src/asf/xmega/drivers/nvm/nvm_asm.o
 .debug_aranges
                0x00000608       0xb0 src/asf/xmega/drivers/usart/usart.o
 .debug_aranges
                0x000006b8      0x148 src/main.o

.debug_pubnames
                0x00000000      0xad4
 *(.debug_pubnames)
 .debug_pubnames
                0x00000000       0x23 src/asf/common/components/display/st7565r/st7565r.o
 .debug_pubnames
                0x00000023       0x82 src/asf/common/services/clock/xmega/sysclk.o
 .debug_pubnames
                0x000000a5      0x127 src/asf/common/services/gfx_mono/gfx_mono_c12832_a1z.o
 .debug_pubnames
                0x000001cc      0x121 src/asf/common/services/gfx_mono/gfx_mono_framebuffer.o
 .debug_pubnames
                0x000002ed      0x131 src/asf/common/services/gfx_mono/gfx_mono_generic.o
 .debug_pubnames
                0x0000041e       0xb5 src/asf/common/services/gfx_mono/gfx_mono_text.o
 .debug_pubnames
                0x000004d3       0x1e src/asf/common/services/gfx_mono/sysfont.o
 .debug_pubnames
                0x000004f1       0x3a src/asf/common/services/sleepmgr/xmega/sleepmgr.o
 .debug_pubnames
                0x0000052b       0xaf src/asf/common/services/spi/xmega_usart_spi/usart_spi.o
 .debug_pubnames
                0x000005da       0x21 src/asf/xmega/boards/xmega_a3bu_xplained/init.o
 .debug_pubnames
                0x000005fb      0x14b src/asf/xmega/drivers/adc/adc.o
 .debug_pubnames
                0x00000746       0x30 src/asf/xmega/drivers/ioport/ioport.o
 .debug_pubnames
                0x00000776      0x275 src/asf/xmega/drivers/nvm/nvm.o
 .debug_pubnames
                0x000009eb       0x90 src/asf/xmega/drivers/usart/usart.o
 .debug_pubnames
                0x00000a7b       0x59 src/main.o

.debug_info     0x00000000     0x6a15
 *(.debug_info)
 .debug_info    0x00000000      0x725 src/asf/common/components/display/st7565r/st7565r.o
 .debug_info    0x00000725      0x3fd src/asf/common/services/clock/xmega/sysclk.o
 .debug_info    0x00000b22      0x89e src/asf/common/services/gfx_mono/gfx_mono_c12832_a1z.o
 .debug_info    0x000013c0      0x3ac src/asf/common/services/gfx_mono/gfx_mono_framebuffer.o
 .debug_info    0x0000176c      0x613 src/asf/common/services/gfx_mono/gfx_mono_generic.o
 .debug_info    0x00001d7f      0x597 src/asf/common/services/gfx_mono/gfx_mono_text.o
 .debug_info    0x00002316      0x187 src/asf/common/services/gfx_mono/sysfont.o
 .debug_info    0x0000249d      0x162 src/asf/common/services/sleepmgr/xmega/sleepmgr.o
 .debug_info    0x000025ff      0x7ad src/asf/common/services/spi/xmega_usart_spi/usart_spi.o
 .debug_info    0x00002dac      0x2fe src/asf/xmega/boards/xmega_a3bu_xplained/init.o
 .debug_info    0x000030aa      0xf4a src/asf/xmega/drivers/adc/adc.o
 .debug_info    0x00003ff4       0x9a src/asf/xmega/drivers/cpu/ccp.o
 .debug_info    0x0000408e      0x110 src/asf/xmega/drivers/ioport/ioport.o
 .debug_info    0x0000419e      0xb1e src/asf/xmega/drivers/nvm/nvm.o
 .debug_info    0x00004cbc       0x9a src/asf/xmega/drivers/nvm/nvm_asm.o
 .debug_info    0x00004d56      0x96c src/asf/xmega/drivers/usart/usart.o
 .debug_info    0x000056c2     0x1353 src/main.o
 *(.gnu.linkonce.wi.*)

.debug_abbrev   0x00000000     0x16b5
 *(.debug_abbrev)
 .debug_abbrev  0x00000000      0x1bf src/asf/common/components/display/st7565r/st7565r.o
 .debug_abbrev  0x000001bf      0x124 src/asf/common/services/clock/xmega/sysclk.o
 .debug_abbrev  0x000002e3      0x1d0 src/asf/common/services/gfx_mono/gfx_mono_c12832_a1z.o
 .debug_abbrev  0x000004b3       0xc8 src/asf/common/services/gfx_mono/gfx_mono_framebuffer.o
 .debug_abbrev  0x0000057b      0x143 src/asf/common/services/gfx_mono/gfx_mono_generic.o
 .debug_abbrev  0x000006be      0x17f src/asf/common/services/gfx_mono/gfx_mono_text.o
 .debug_abbrev  0x0000083d       0xda src/asf/common/services/gfx_mono/sysfont.o
 .debug_abbrev  0x00000917       0x9b src/asf/common/services/sleepmgr/xmega/sleepmgr.o
 .debug_abbrev  0x000009b2      0x1c8 src/asf/common/services/spi/xmega_usart_spi/usart_spi.o
 .debug_abbrev  0x00000b7a       0xe4 src/asf/xmega/boards/xmega_a3bu_xplained/init.o
 .debug_abbrev  0x00000c5e      0x2b9 src/asf/xmega/drivers/adc/adc.o
 .debug_abbrev  0x00000f17       0x14 src/asf/xmega/drivers/cpu/ccp.o
 .debug_abbrev  0x00000f2b       0x77 src/asf/xmega/drivers/ioport/ioport.o
 .debug_abbrev  0x00000fa2      0x28f src/asf/xmega/drivers/nvm/nvm.o
 .debug_abbrev  0x00001231       0x12 src/asf/xmega/drivers/nvm/nvm_asm.o
 .debug_abbrev  0x00001243      0x1f6 src/asf/xmega/drivers/usart/usart.o
 .debug_abbrev  0x00001439      0x27c src/main.o

.debug_line     0x00000000     0x9abd
 *(.debug_line)
 .debug_line    0x00000000      0xb42 src/asf/common/components/display/st7565r/st7565r.o
 .debug_line    0x00000b42      0x6bc src/asf/common/services/clock/xmega/sysclk.o
 .debug_line    0x000011fe      0xcde src/asf/common/services/gfx_mono/gfx_mono_c12832_a1z.o
 .debug_line    0x00001edc      0x96c src/asf/common/services/gfx_mono/gfx_mono_framebuffer.o
 .debug_line    0x00002848      0xd8d src/asf/common/services/gfx_mono/gfx_mono_generic.o
 .debug_line    0x000035d5      0xab6 src/asf/common/services/gfx_mono/gfx_mono_text.o
 .debug_line    0x0000408b      0x789 src/asf/common/services/gfx_mono/sysfont.o
 .debug_line    0x00004814      0x46e src/asf/common/services/sleepmgr/xmega/sleepmgr.o
 .debug_line    0x00004c82      0x925 src/asf/common/services/spi/xmega_usart_spi/usart_spi.o
 .debug_line    0x000055a7      0x52b src/asf/xmega/boards/xmega_a3bu_xplained/init.o
 .debug_line    0x00005ad2      0xf13 src/asf/xmega/drivers/adc/adc.o
 .debug_line    0x000069e5       0x54 src/asf/xmega/drivers/cpu/ccp.o
 .debug_line    0x00006a39      0x43a src/asf/xmega/drivers/ioport/ioport.o
 .debug_line    0x00006e73      0xdcb src/asf/xmega/drivers/nvm/nvm.o
 .debug_line    0x00007c3e       0x8a src/asf/xmega/drivers/nvm/nvm_asm.o
 .debug_line    0x00007cc8      0xaf6 src/asf/xmega/drivers/usart/usart.o
 .debug_line    0x000087be     0x12ff src/main.o

.debug_frame    0x00000000      0xdd0
 *(.debug_frame)
 .debug_frame   0x00000000      0x160 src/asf/common/components/display/st7565r/st7565r.o
 .debug_frame   0x00000160       0x80 src/asf/common/services/clock/xmega/sysclk.o
 .debug_frame   0x000001e0      0x180 src/asf/common/services/gfx_mono/gfx_mono_c12832_a1z.o
 .debug_frame   0x00000360       0x90 src/asf/common/services/gfx_mono/gfx_mono_framebuffer.o
 .debug_frame   0x000003f0       0x90 src/asf/common/services/gfx_mono/gfx_mono_generic.o
 .debug_frame   0x00000480       0x70 src/asf/common/services/gfx_mono/gfx_mono_text.o
 .debug_frame   0x000004f0      0x110 src/asf/common/services/spi/xmega_usart_spi/usart_spi.o
 .debug_frame   0x00000600       0x50 src/asf/xmega/boards/xmega_a3bu_xplained/init.o
 .debug_frame   0x00000650      0x190 src/asf/xmega/drivers/adc/adc.o
 .debug_frame   0x000007e0       0x20 src/asf/xmega/drivers/ioport/ioport.o
 .debug_frame   0x00000800      0x220 src/asf/xmega/drivers/nvm/nvm.o
 .debug_frame   0x00000a20      0x140 src/asf/xmega/drivers/usart/usart.o
 .debug_frame   0x00000b60      0x270 src/main.o

.debug_str      0x00000000     0x2cdb
 *(.debug_str)
 .debug_str     0x00000000      0x5d1 src/asf/common/components/display/st7565r/st7565r.o
                                0x646 (size before relaxing)
 .debug_str     0x000005d1      0x251 src/asf/common/services/clock/xmega/sysclk.o
                                0x4ed (size before relaxing)
 .debug_str     0x00000822      0x25c src/asf/common/services/gfx_mono/gfx_mono_c12832_a1z.o
                                0x5b2 (size before relaxing)
 .debug_str     0x00000a7e      0x14b src/asf/common/services/gfx_mono/gfx_mono_framebuffer.o
                                0x336 (size before relaxing)
 .debug_str     0x00000bc9      0x225 src/asf/common/services/gfx_mono/gfx_mono_generic.o
                                0x3e7 (size before relaxing)
 .debug_str     0x00000dee      0x1bd src/asf/common/services/gfx_mono/gfx_mono_text.o
                                0x34c (size before relaxing)
 .debug_str     0x00000fab       0x45 src/asf/common/services/gfx_mono/sysfont.o
                                0x1ee (size before relaxing)
 .debug_str     0x00000ff0      0x14d src/asf/common/services/sleepmgr/xmega/sleepmgr.o
                                0x24d (size before relaxing)
 .debug_str     0x0000113d      0x20b src/asf/common/services/spi/xmega_usart_spi/usart_spi.o
                                0x5cc (size before relaxing)
 .debug_str     0x00001348       0x64 src/asf/xmega/boards/xmega_a3bu_xplained/init.o
                                0x283 (size before relaxing)
 .debug_str     0x000013ac      0x8e6 src/asf/xmega/drivers/adc/adc.o
                                0xc72 (size before relaxing)
 .debug_str     0x00001c92       0x4c src/asf/xmega/drivers/ioport/ioport.o
                                0x17c (size before relaxing)
 .debug_str     0x00001cde      0x4fa src/asf/xmega/drivers/nvm/nvm.o
                                0xa3b (size before relaxing)
 .debug_str     0x000021d8      0x30b src/asf/xmega/drivers/usart/usart.o
                                0x910 (size before relaxing)
 .debug_str     0x000024e3      0x7f8 src/main.o
                               0x11cd (size before relaxing)

.debug_loc
 *(.debug_loc)

.debug_macinfo  0x00000000   0x2213b5
 *(.debug_macinfo)
 .debug_macinfo
                0x00000000    0x24a1b src/asf/common/components/display/st7565r/st7565r.o
 .debug_macinfo
                0x00024a1b    0x23f7d src/asf/common/services/clock/xmega/sysclk.o
 .debug_macinfo
                0x00048998    0x253fc src/asf/common/services/gfx_mono/gfx_mono_c12832_a1z.o
 .debug_macinfo
                0x0006dd94    0x253de src/asf/common/services/gfx_mono/gfx_mono_framebuffer.o
 .debug_macinfo
                0x00093172    0x253de src/asf/common/services/gfx_mono/gfx_mono_generic.o
 .debug_macinfo
                0x000b8550    0x25466 src/asf/common/services/gfx_mono/gfx_mono_text.o
 .debug_macinfo
                0x000dd9b6    0x264f5 src/asf/common/services/gfx_mono/sysfont.o
 .debug_macinfo
                0x00103eab    0x223b1 src/asf/common/services/sleepmgr/xmega/sleepmgr.o
 .debug_macinfo
                0x0012625c    0x23fe0 src/asf/common/services/spi/xmega_usart_spi/usart_spi.o
 .debug_macinfo
                0x0014a23c    0x23528 src/asf/xmega/boards/xmega_a3bu_xplained/init.o
 .debug_macinfo
                0x0016d764    0x24752 src/asf/xmega/drivers/adc/adc.o
 .debug_macinfo
                0x00191eb6    0x225a6 src/asf/xmega/drivers/ioport/ioport.o
 .debug_macinfo
                0x001b445c    0x222fe src/asf/xmega/drivers/nvm/nvm.o
 .debug_macinfo
                0x001d675a    0x23f02 src/asf/xmega/drivers/usart/usart.o
 .debug_macinfo
                0x001fa65c    0x26d59 src/main.o
OUTPUT(LightLCD.elf elf32-avr)
LOAD linker stubs

.debug_pubtypes
                0x00000000      0xe16
 .debug_pubtypes
                0x00000000      0x119 src/asf/common/components/display/st7565r/st7565r.o
 .debug_pubtypes
                0x00000119       0xd8 src/asf/common/services/clock/xmega/sysclk.o
 .debug_pubtypes
                0x000001f1       0xdb src/asf/common/services/gfx_mono/gfx_mono_c12832_a1z.o
 .debug_pubtypes
                0x000002cc       0x6a src/asf/common/services/gfx_mono/gfx_mono_framebuffer.o
 .debug_pubtypes
                0x00000336       0xa7 src/asf/common/services/gfx_mono/gfx_mono_generic.o
 .debug_pubtypes
                0x000003dd       0x6a src/asf/common/services/gfx_mono/gfx_mono_text.o
 .debug_pubtypes
                0x00000447       0x4e src/asf/common/services/gfx_mono/sysfont.o
 .debug_pubtypes
                0x00000495       0x45 src/asf/common/services/sleepmgr/xmega/sleepmgr.o
 .debug_pubtypes
                0x000004da      0x149 src/asf/common/services/spi/xmega_usart_spi/usart_spi.o
 .debug_pubtypes
                0x00000623       0x87 src/asf/xmega/boards/xmega_a3bu_xplained/init.o
 .debug_pubtypes
                0x000006aa      0x186 src/asf/xmega/drivers/adc/adc.o
 .debug_pubtypes
                0x00000830       0x4f src/asf/xmega/drivers/ioport/ioport.o
 .debug_pubtypes
                0x0000087f       0xb9 src/asf/xmega/drivers/nvm/nvm.o
 .debug_pubtypes
                0x00000938      0x1df src/asf/xmega/drivers/usart/usart.o
 .debug_pubtypes
                0x00000b17      0x2ff src/main.o

.debug_ranges   0x00000000      0x708
 .debug_ranges  0x00000000       0xb0 src/asf/common/components/display/st7565r/st7565r.o
 .debug_ranges  0x000000b0       0x40 src/asf/common/services/clock/xmega/sysclk.o
 .debug_ranges  0x000000f0       0xc0 src/asf/common/services/gfx_mono/gfx_mono_c12832_a1z.o
 .debug_ranges  0x000001b0       0x48 src/asf/common/services/gfx_mono/gfx_mono_framebuffer.o
 .debug_ranges  0x000001f8       0x48 src/asf/common/services/gfx_mono/gfx_mono_generic.o
 .debug_ranges  0x00000240       0x38 src/asf/common/services/gfx_mono/gfx_mono_text.o
 .debug_ranges  0x00000278       0x88 src/asf/common/services/spi/xmega_usart_spi/usart_spi.o
 .debug_ranges  0x00000300       0x28 src/asf/xmega/boards/xmega_a3bu_xplained/init.o
 .debug_ranges  0x00000328       0xc8 src/asf/xmega/drivers/adc/adc.o
 .debug_ranges  0x000003f0       0x10 src/asf/xmega/drivers/ioport/ioport.o
 .debug_ranges  0x00000400      0x110 src/asf/xmega/drivers/nvm/nvm.o
 .debug_ranges  0x00000510       0x20 src/asf/xmega/drivers/nvm/nvm_asm.o
 .debug_ranges  0x00000530       0xa0 src/asf/xmega/drivers/usart/usart.o
 .debug_ranges  0x000005d0      0x138 src/main.o
