Archive member included because of file (symbol)

c:/program files/atmel/avr studio 5.0/avr toolchain/bin/../lib/gcc/avr/4.5.1/avrxmega6\libgcc.a(_udivmodsi4.o)
                              src/asf/xmega/drivers/usart/usart.o (__udivmodsi4)
c:/program files/atmel/avr studio 5.0/avr toolchain/bin/../lib/gcc/avr/4.5.1/avrxmega6\libgcc.a(_exit.o)
                              c:/program files/atmel/avr studio 5.0/avr toolchain/bin/../lib/gcc/avr/4.5.1/../../../../avr/lib/avrxmega6/crtx256a3bu.o (exit)
c:/program files/atmel/avr studio 5.0/avr toolchain/bin/../lib/gcc/avr/4.5.1/avrxmega6\libgcc.a(_copy_data.o)
                              src/asf/common/services/gfx_mono/sysfont.o (__do_copy_data)
c:/program files/atmel/avr studio 5.0/avr toolchain/bin/../lib/gcc/avr/4.5.1/avrxmega6\libgcc.a(_clear_bss.o)
                              src/asf/common/services/gfx_mono/gfx_mono_c12832_a1z.o (__do_clear_bss)
c:/program files/atmel/avr studio 5.0/avr toolchain/bin/../lib/gcc/avr/4.5.1/../../../../avr/lib/avrxmega6\libc.a(memcpy.o)
                              src/asf/xmega/drivers/nvm/nvm.o (memcpy)

Allocating common symbols
Common symbol       size              file

sleepmgr_locks      0x6               src/asf/common/services/sleepmgr/xmega/sleepmgr.o

Discarded input sections

 .data          0x00000000        0x0 c:/program files/atmel/avr studio 5.0/avr toolchain/bin/../lib/gcc/avr/4.5.1/../../../../avr/lib/avrxmega6/crtx256a3bu.o
 .bss           0x00000000        0x0 c:/program files/atmel/avr studio 5.0/avr toolchain/bin/../lib/gcc/avr/4.5.1/../../../../avr/lib/avrxmega6/crtx256a3bu.o
 .text          0x00000000        0x0 src/asf/common/components/display/st7565r/st7565r.o
 .data          0x00000000        0x0 src/asf/common/components/display/st7565r/st7565r.o
 .bss           0x00000000        0x0 src/asf/common/components/display/st7565r/st7565r.o
 .text          0x00000000        0x0 src/asf/common/services/clock/xmega/sysclk.o
 .data          0x00000000        0x0 src/asf/common/services/clock/xmega/sysclk.o
 .bss           0x00000000        0x0 src/asf/common/services/clock/xmega/sysclk.o
 .text.sysclk_enable_usb
                0x00000000       0x20 src/asf/common/services/clock/xmega/sysclk.o
 .text.sysclk_disable_usb
                0x00000000       0x16 src/asf/common/services/clock/xmega/sysclk.o
 .text          0x00000000        0x0 src/asf/common/services/gfx_mono/gfx_mono_c12832_a1z.o
 .data          0x00000000        0x0 src/asf/common/services/gfx_mono/gfx_mono_c12832_a1z.o
 .bss           0x00000000        0x0 src/asf/common/services/gfx_mono/gfx_mono_c12832_a1z.o
 .text.gfx_mono_st7565r_get_pixel
                0x00000000       0x4c src/asf/common/services/gfx_mono/gfx_mono_c12832_a1z.o
 .text.gfx_mono_st7565r_put_page
                0x00000000       0x38 src/asf/common/services/gfx_mono/gfx_mono_c12832_a1z.o
 .text.gfx_mono_st7565r_put_framebuffer
                0x00000000       0x3a src/asf/common/services/gfx_mono/gfx_mono_c12832_a1z.o
 .text.gfx_mono_st7565r_get_page
                0x00000000        0x6 src/asf/common/services/gfx_mono/gfx_mono_c12832_a1z.o
 .text.gfx_mono_st7565r_mask_byte
                0x00000000       0x50 src/asf/common/services/gfx_mono/gfx_mono_c12832_a1z.o
 .text          0x00000000        0x0 src/asf/common/services/gfx_mono/gfx_mono_framebuffer.o
 .data          0x00000000        0x0 src/asf/common/services/gfx_mono/gfx_mono_framebuffer.o
 .bss           0x00000000        0x0 src/asf/common/services/gfx_mono/gfx_mono_framebuffer.o
 .text.gfx_mono_framebuffer_put_page
                0x00000000       0x2c src/asf/common/services/gfx_mono/gfx_mono_framebuffer.o
 .text.gfx_mono_framebuffer_get_page
                0x00000000       0x28 src/asf/common/services/gfx_mono/gfx_mono_framebuffer.o
 .text.gfx_mono_framebuffer_get_pixel
                0x00000000       0x4c src/asf/common/services/gfx_mono/gfx_mono_framebuffer.o
 .text.gfx_mono_framebuffer_draw_pixel
                0x00000000       0x88 src/asf/common/services/gfx_mono/gfx_mono_framebuffer.o
 .text.gfx_mono_framebuffer_mask_byte
                0x00000000       0x50 src/asf/common/services/gfx_mono/gfx_mono_framebuffer.o
 .text          0x00000000        0x0 src/asf/common/services/gfx_mono/gfx_mono_generic.o
 .data          0x00000000        0x0 src/asf/common/services/gfx_mono/gfx_mono_generic.o
 .bss           0x00000000        0x0 src/asf/common/services/gfx_mono/gfx_mono_generic.o
 .text.gfx_mono_generic_draw_vertical_line
                0x00000000       0xae src/asf/common/services/gfx_mono/gfx_mono_generic.o
 .text.gfx_mono_generic_draw_line
                0x00000000       0xd0 src/asf/common/services/gfx_mono/gfx_mono_generic.o
 .text.gfx_mono_generic_draw_rect
                0x00000000       0x54 src/asf/common/services/gfx_mono/gfx_mono_generic.o
 .text.gfx_mono_generic_draw_circle
                0x00000000      0x1bc src/asf/common/services/gfx_mono/gfx_mono_generic.o
 .text.gfx_mono_generic_draw_filled_circle
                0x00000000      0x1ac src/asf/common/services/gfx_mono/gfx_mono_generic.o
 .text.gfx_mono_generic_put_bitmap
                0x00000000       0xb0 src/asf/common/services/gfx_mono/gfx_mono_generic.o
 .text          0x00000000        0x0 src/asf/common/services/gfx_mono/gfx_mono_text.o
 .data          0x00000000        0x0 src/asf/common/services/gfx_mono/gfx_mono_text.o
 .bss           0x00000000        0x0 src/asf/common/services/gfx_mono/gfx_mono_text.o
 .text.gfx_mono_draw_char
                0x00000000       0xe0 src/asf/common/services/gfx_mono/gfx_mono_text.o
 .text.gfx_mono_draw_string
                0x00000000       0x60 src/asf/common/services/gfx_mono/gfx_mono_text.o
 .text.gfx_mono_draw_progmem_string
                0x00000000       0x5e src/asf/common/services/gfx_mono/gfx_mono_text.o
 .text.gfx_mono_get_string_bounding_box
                0x00000000       0x38 src/asf/common/services/gfx_mono/gfx_mono_text.o
 .text.gfx_mono_get_progmem_string_bounding_box
                0x00000000       0x46 src/asf/common/services/gfx_mono/gfx_mono_text.o
 .text          0x00000000        0x0 src/asf/common/services/gfx_mono/sysfont.o
 .data          0x00000000        0x0 src/asf/common/services/gfx_mono/sysfont.o
 .bss           0x00000000        0x0 src/asf/common/services/gfx_mono/sysfont.o
 .data.sysfont  0x00000000        0x8 src/asf/common/services/gfx_mono/sysfont.o
 .progmem.data  0x00000000      0x2a0 src/asf/common/services/gfx_mono/sysfont.o
 .text          0x00000000        0x0 src/asf/common/services/sleepmgr/xmega/sleepmgr.o
 .data          0x00000000        0x0 src/asf/common/services/sleepmgr/xmega/sleepmgr.o
 .bss           0x00000000        0x0 src/asf/common/services/sleepmgr/xmega/sleepmgr.o
 .progmem.data  0x00000000        0xc src/asf/common/services/sleepmgr/xmega/sleepmgr.o
 .text          0x00000000        0x0 src/asf/common/services/spi/xmega_usart_spi/usart_spi.o
 .data          0x00000000        0x0 src/asf/common/services/spi/xmega_usart_spi/usart_spi.o
 .bss           0x00000000        0x0 src/asf/common/services/spi/xmega_usart_spi/usart_spi.o
 .text.usart_spi_write_packet
                0x00000000       0x30 src/asf/common/services/spi/xmega_usart_spi/usart_spi.o
 .text.usart_spi_read_packet
                0x00000000       0x2e src/asf/common/services/spi/xmega_usart_spi/usart_spi.o
 .text.usart_spi_select_device
                0x00000000       0x30 src/asf/common/services/spi/xmega_usart_spi/usart_spi.o
 .text.usart_spi_deselect_device
                0x00000000       0x30 src/asf/common/services/spi/xmega_usart_spi/usart_spi.o
 .text          0x00000000        0x0 src/asf/xmega/boards/xmega_a3bu_xplained/init.o
 .data          0x00000000        0x0 src/asf/xmega/boards/xmega_a3bu_xplained/init.o
 .bss           0x00000000        0x0 src/asf/xmega/boards/xmega_a3bu_xplained/init.o
 .text          0x00000000        0x0 src/asf/xmega/drivers/adc/adc.o
 .data          0x00000000        0x0 src/asf/xmega/drivers/adc/adc.o
 .bss           0x00000000        0x0 src/asf/xmega/drivers/adc/adc.o
 .text.adc_disable
                0x00000000       0x28 src/asf/xmega/drivers/adc/adc.o
 .text.adc_is_enabled
                0x00000000       0x2a src/asf/xmega/drivers/adc/adc.o
 .text          0x00000000        0x0 src/asf/xmega/drivers/cpu/ccp.o
 .data          0x00000000        0x0 src/asf/xmega/drivers/cpu/ccp.o
 .bss           0x00000000        0x0 src/asf/xmega/drivers/cpu/ccp.o
 .text.ccp_write_io
                0x00000000        0xc src/asf/xmega/drivers/cpu/ccp.o
 .text          0x00000000        0x0 src/asf/xmega/drivers/ioport/ioport.o
 .data          0x00000000        0x0 src/asf/xmega/drivers/ioport/ioport.o
 .bss           0x00000000        0x0 src/asf/xmega/drivers/ioport/ioport.o
 .text          0x00000000        0x0 src/asf/xmega/drivers/nvm/nvm.o
 .data          0x00000000        0x0 src/asf/xmega/drivers/nvm/nvm.o
 .bss           0x00000000        0x0 src/asf/xmega/drivers/nvm/nvm.o
 .text.nvm_wait_until_ready
                0x00000000        0xa src/asf/xmega/drivers/nvm/nvm.o
 .text.nvm_issue_command
                0x00000000       0x22 src/asf/xmega/drivers/nvm/nvm.o
 .text.nvm_exec
                0x00000000        0xc src/asf/xmega/drivers/nvm/nvm.o
 .text.nvm_read_production_signature_row
                0x00000000        0xc src/asf/xmega/drivers/nvm/nvm.o
 .text.nvm_read_device_serial
                0x00000000       0x64 src/asf/xmega/drivers/nvm/nvm.o
 .text.nvm_eeprom_read_byte
                0x00000000       0x42 src/asf/xmega/drivers/nvm/nvm.o
 .text.nvm_eeprom_read_buffer
                0x00000000       0x62 src/asf/xmega/drivers/nvm/nvm.o
 .text.nvm_eeprom_flush_buffer
                0x00000000       0x1a src/asf/xmega/drivers/nvm/nvm.o
 .text.nvm_eeprom_write_byte
                0x00000000       0x5c src/asf/xmega/drivers/nvm/nvm.o
 .text.nvm_eeprom_erase_and_write_buffer
                0x00000000       0x38 src/asf/xmega/drivers/nvm/nvm.o
 .text.nvm_eeprom_load_byte_to_buffer
                0x00000000       0x4a src/asf/xmega/drivers/nvm/nvm.o
 .text.nvm_eeprom_load_page_to_buffer
                0x00000000       0x4a src/asf/xmega/drivers/nvm/nvm.o
 .text.nvm_eeprom_atomic_write_page
                0x00000000       0x38 src/asf/xmega/drivers/nvm/nvm.o
 .text.nvm_eeprom_split_write_page
                0x00000000       0x38 src/asf/xmega/drivers/nvm/nvm.o
 .text.nvm_eeprom_fill_buffer_with_value
                0x00000000       0x64 src/asf/xmega/drivers/nvm/nvm.o
 .text.nvm_eeprom_erase_bytes_in_page
                0x00000000       0x38 src/asf/xmega/drivers/nvm/nvm.o
 .text.nvm_eeprom_erase_page
                0x00000000       0x14 src/asf/xmega/drivers/nvm/nvm.o
 .text.nvm_eeprom_erase_bytes_in_all_pages
                0x00000000        0xe src/asf/xmega/drivers/nvm/nvm.o
 .text.nvm_eeprom_erase_all
                0x00000000        0xc src/asf/xmega/drivers/nvm/nvm.o
 .text.nvm_flash_read_buffer
                0x00000000       0x6a src/asf/xmega/drivers/nvm/nvm.o
 .text.nvm_user_sig_read_buffer
                0x00000000       0x3e src/asf/xmega/drivers/nvm/nvm.o
 .text.nvm_user_sig_write_buffer
                0x00000000      0x142 src/asf/xmega/drivers/nvm/nvm.o
 .text.nvm_flash_erase_and_write_buffer
                0x00000000      0x17a src/asf/xmega/drivers/nvm/nvm.o
 .text.nvm_fuses_read
                0x00000000       0x36 src/asf/xmega/drivers/nvm/nvm.o
 .text          0x00000000        0x0 src/asf/xmega/drivers/nvm/nvm_asm.o
 .data          0x00000000        0x0 src/asf/xmega/drivers/nvm/nvm_asm.o
 .bss           0x00000000        0x0 src/asf/xmega/drivers/nvm/nvm_asm.o
 .BOOT          0x00000000       0x44 src/asf/xmega/drivers/nvm/nvm_asm.o
 .text          0x00000000        0x0 src/asf/xmega/drivers/usart/usart.o
 .data          0x00000000        0x0 src/asf/xmega/drivers/usart/usart.o
 .bss           0x00000000        0x0 src/asf/xmega/drivers/usart/usart.o
 .text.usart_putchar
                0x00000000       0x10 src/asf/xmega/drivers/usart/usart.o
 .text.usart_getchar
                0x00000000        0xc src/asf/xmega/drivers/usart/usart.o
 .text.usart_set_baudrate
                0x00000000      0x1be src/asf/xmega/drivers/usart/usart.o
 .text.usart_init_rs232
                0x00000000       0x5c src/asf/xmega/drivers/usart/usart.o
 .text          0x00000000        0x0 src/main.o
 .data          0x00000000        0x0 src/main.o
 .bss           0x00000000        0x0 src/main.o
 .text.update_text_display
                0x00000000        0x2 src/main.o
 .text          0x00000000        0x0 c:/program files/atmel/avr studio 5.0/avr toolchain/bin/../lib/gcc/avr/4.5.1/avrxmega6\libgcc.a(_udivmodsi4.o)
 .data          0x00000000        0x0 c:/program files/atmel/avr studio 5.0/avr toolchain/bin/../lib/gcc/avr/4.5.1/avrxmega6\libgcc.a(_udivmodsi4.o)
 .bss           0x00000000        0x0 c:/program files/atmel/avr studio 5.0/avr toolchain/bin/../lib/gcc/avr/4.5.1/avrxmega6\libgcc.a(_udivmodsi4.o)
 .text          0x00000000        0x0 c:/program files/atmel/avr studio 5.0/avr toolchain/bin/../lib/gcc/avr/4.5.1/avrxmega6\libgcc.a(_exit.o)
 .data          0x00000000        0x0 c:/program files/atmel/avr studio 5.0/avr toolchain/bin/../lib/gcc/avr/4.5.1/avrxmega6\libgcc.a(_exit.o)
 .bss           0x00000000        0x0 c:/program files/atmel/avr studio 5.0/avr toolchain/bin/../lib/gcc/avr/4.5.1/avrxmega6\libgcc.a(_exit.o)
 .text.libgcc   0x00000000        0x0 c:/program files/atmel/avr studio 5.0/avr toolchain/bin/../lib/gcc/avr/4.5.1/avrxmega6\libgcc.a(_exit.o)
 .text          0x00000000        0x0 c:/program files/atmel/avr studio 5.0/avr toolchain/bin/../lib/gcc/avr/4.5.1/avrxmega6\libgcc.a(_copy_data.o)
 .data          0x00000000        0x0 c:/program files/atmel/avr studio 5.0/avr toolchain/bin/../lib/gcc/avr/4.5.1/avrxmega6\libgcc.a(_copy_data.o)
 .bss           0x00000000        0x0 c:/program files/atmel/avr studio 5.0/avr toolchain/bin/../lib/gcc/avr/4.5.1/avrxmega6\libgcc.a(_copy_data.o)
 .text.libgcc   0x00000000        0x0 c:/program files/atmel/avr studio 5.0/avr toolchain/bin/../lib/gcc/avr/4.5.1/avrxmega6\libgcc.a(_copy_data.o)
 .text          0x00000000        0x0 c:/program files/atmel/avr studio 5.0/avr toolchain/bin/../lib/gcc/avr/4.5.1/avrxmega6\libgcc.a(_clear_bss.o)
 .data          0x00000000        0x0 c:/program files/atmel/avr studio 5.0/avr toolchain/bin/../lib/gcc/avr/4.5.1/avrxmega6\libgcc.a(_clear_bss.o)
 .bss           0x00000000        0x0 c:/program files/atmel/avr studio 5.0/avr toolchain/bin/../lib/gcc/avr/4.5.1/avrxmega6\libgcc.a(_clear_bss.o)
 .text.libgcc   0x00000000        0x0 c:/program files/atmel/avr studio 5.0/avr toolchain/bin/../lib/gcc/avr/4.5.1/avrxmega6\libgcc.a(_clear_bss.o)
 .text          0x00000000        0x0 c:/program files/atmel/avr studio 5.0/avr toolchain/bin/../lib/gcc/avr/4.5.1/../../../../avr/lib/avrxmega6\libc.a(memcpy.o)
 .data          0x00000000        0x0 c:/program files/atmel/avr studio 5.0/avr toolchain/bin/../lib/gcc/avr/4.5.1/../../../../avr/lib/avrxmega6\libc.a(memcpy.o)
 .bss           0x00000000        0x0 c:/program files/atmel/avr studio 5.0/avr toolchain/bin/../lib/gcc/avr/4.5.1/../../../../avr/lib/avrxmega6\libc.a(memcpy.o)
 .text.avr-libc
                0x00000000       0x12 c:/program files/atmel/avr studio 5.0/avr toolchain/bin/../lib/gcc/avr/4.5.1/../../../../avr/lib/avrxmega6\libc.a(memcpy.o)

Memory Configuration

Name             Origin             Length             Attributes
text             0x00000000         0x00100000         xr
data             0x00802000         0x0000ffa0         rw !x
eeprom           0x00810000         0x00010000         rw !x
fuse             0x00820000         0x00000400         rw !x
lock             0x00830000         0x00000400         rw !x
signature        0x00840000         0x00000400         rw !x
*default*        0x00000000         0xffffffff

Linker script and memory map

LOAD c:/program files/atmel/avr studio 5.0/avr toolchain/bin/../lib/gcc/avr/4.5.1/../../../../avr/lib/avrxmega6/crtx256a3bu.o
LOAD src/asf/common/components/display/st7565r/st7565r.o
LOAD src/asf/common/services/clock/xmega/sysclk.o
LOAD src/asf/common/services/gfx_mono/gfx_mono_c12832_a1z.o
LOAD src/asf/common/services/gfx_mono/gfx_mono_framebuffer.o
LOAD src/asf/common/services/gfx_mono/gfx_mono_generic.o
LOAD src/asf/common/services/gfx_mono/gfx_mono_text.o
LOAD src/asf/common/services/gfx_mono/sysfont.o
LOAD src/asf/common/services/sleepmgr/xmega/sleepmgr.o
LOAD src/asf/common/services/spi/xmega_usart_spi/usart_spi.o
LOAD src/asf/xmega/boards/xmega_a3bu_xplained/init.o
LOAD src/asf/xmega/drivers/adc/adc.o
LOAD src/asf/xmega/drivers/cpu/ccp.o
LOAD src/asf/xmega/drivers/ioport/ioport.o
LOAD src/asf/xmega/drivers/nvm/nvm.o
LOAD src/asf/xmega/drivers/nvm/nvm_asm.o
LOAD src/asf/xmega/drivers/usart/usart.o
LOAD src/main.o
LOAD c:/program files/atmel/avr studio 5.0/avr toolchain/bin/../lib/gcc/avr/4.5.1/avrxmega6\libgcc.a
LOAD c:/program files/atmel/avr studio 5.0/avr toolchain/bin/../lib/gcc/avr/4.5.1/../../../../avr/lib/avrxmega6\libc.a
LOAD c:/program files/atmel/avr studio 5.0/avr toolchain/bin/../lib/gcc/avr/4.5.1/avrxmega6\libgcc.a

.hash
 *(.hash)

.dynsym
 *(.dynsym)

.dynstr
 *(.dynstr)

.gnu.version
 *(.gnu.version)

.gnu.version_d
 *(.gnu.version_d)

.gnu.version_r
 *(.gnu.version_r)

.rel.init
 *(.rel.init)

.rela.init
 *(.rela.init)

.rel.text
 *(.rel.text)
 *(.rel.text.*)
 *(.rel.gnu.linkonce.t*)

.rela.text
 *(.rela.text)
 *(.rela.text.*)
 *(.rela.gnu.linkonce.t*)

.rel.fini
 *(.rel.fini)

.rela.fini
 *(.rela.fini)

.rel.rodata
 *(.rel.rodata)
 *(.rel.rodata.*)
 *(.rel.gnu.linkonce.r*)

.rela.rodata
 *(.rela.rodata)
 *(.rela.rodata.*)
 *(.rela.gnu.linkonce.r*)

.rel.data
 *(.rel.data)
 *(.rel.data.*)
 *(.rel.gnu.linkonce.d*)

.rela.data
 *(.rela.data)
 *(.rela.data.*)
 *(.rela.gnu.linkonce.d*)

.rel.ctors
 *(.rel.ctors)

.rela.ctors
 *(.rela.ctors)

.rel.dtors
 *(.rel.dtors)

.rela.dtors
 *(.rela.dtors)

.rel.got
 *(.rel.got)

.rela.got
 *(.rela.got)

.rel.bss
 *(.rel.bss)

.rela.bss
 *(.rela.bss)

.rel.plt
 *(.rel.plt)

.rela.plt
 *(.rela.plt)

.text           0x00000000     0x11c4
 *(.vectors)
 .vectors       0x00000000      0x1fc c:/program files/atmel/avr studio 5.0/avr toolchain/bin/../lib/gcc/avr/4.5.1/../../../../avr/lib/avrxmega6/crtx256a3bu.o
                0x00000000                __vector_default
                0x00000000                __vectors
 *(.vectors)
 *(.progmem.gcc*)
 *(.progmem*)
                0x000001fc                . = ALIGN (0x2)
                0x000001fc                __trampolines_start = .
 *(.trampolines)
 .trampolines   0x000001fc        0x0 linker stubs
 *(.trampolines*)
                0x000001fc                __trampolines_end = .
 *(.jumptables)
 *(.jumptables*)
 *(.lowtext)
 *(.lowtext*)
                0x000001fc                __ctors_start = .
 *(.ctors)
                0x000001fc                __ctors_end = .
                0x000001fc                __dtors_start = .
 *(.dtors)
                0x000001fc                __dtors_end = .
 SORT(*)(.ctors)
 SORT(*)(.dtors)
 *(.init0)
 .init0         0x000001fc        0x0 c:/program files/atmel/avr studio 5.0/avr toolchain/bin/../lib/gcc/avr/4.5.1/../../../../avr/lib/avrxmega6/crtx256a3bu.o
                0x000001fc                __init
 *(.init0)
 *(.init1)
 *(.init1)
 *(.init2)
 .init2         0x000001fc       0x10 c:/program files/atmel/avr studio 5.0/avr toolchain/bin/../lib/gcc/avr/4.5.1/../../../../avr/lib/avrxmega6/crtx256a3bu.o
 *(.init2)
 *(.init3)
 *(.init3)
 *(.init4)
 .init4         0x0000020c       0x1a c:/program files/atmel/avr studio 5.0/avr toolchain/bin/../lib/gcc/avr/4.5.1/avrxmega6\libgcc.a(_copy_data.o)
                0x0000020c                __do_copy_data
 .init4         0x00000226       0x10 c:/program files/atmel/avr studio 5.0/avr toolchain/bin/../lib/gcc/avr/4.5.1/avrxmega6\libgcc.a(_clear_bss.o)
                0x00000226                __do_clear_bss
 *(.init4)
 *(.init5)
 *(.init5)
 *(.init6)
 *(.init6)
 *(.init7)
 *(.init7)
 *(.init8)
 *(.init8)
 *(.init9)
 .init9         0x00000236        0x4 c:/program files/atmel/avr studio 5.0/avr toolchain/bin/../lib/gcc/avr/4.5.1/../../../../avr/lib/avrxmega6/crtx256a3bu.o
 *(.init9)
 *(.text)
 .text          0x0000023a        0x2 c:/program files/atmel/avr studio 5.0/avr toolchain/bin/../lib/gcc/avr/4.5.1/../../../../avr/lib/avrxmega6/crtx256a3bu.o
                0x0000023a                __vector_38
                0x0000023a                __vector_104
                0x0000023a                __vector_22
                0x0000023a                __vector_63
                0x0000023a                __vector_28
                0x0000023a                __vector_67
                0x0000023a                __vector_1
                0x0000023a                __vector_119
                0x0000023a                __vector_32
                0x0000023a                __vector_75
                0x0000023a                __vector_91
                0x0000023a                __vector_34
                0x0000023a                __vector_62
                0x0000023a                __vector_77
                0x0000023a                __vector_102
                0x0000023a                __vector_24
                0x0000023a                __vector_12
                0x0000023a                __vector_55
                0x0000023a                __vector_69
                0x0000023a                __vector_81
                0x0000023a                __vector_90
                0x0000023a                __vector_46
                0x0000023a                __bad_interrupt
                0x0000023a                __vector_122
                0x0000023a                __vector_114
                0x0000023a                __vector_6
                0x0000023a                __vector_110
                0x0000023a                __vector_31
                0x0000023a                __vector_92
                0x0000023a                __vector_35
                0x0000023a                __vector_78
                0x0000023a                __vector_117
                0x0000023a                __vector_107
                0x0000023a                __vector_3
                0x0000023a                __vector_105
                0x0000023a                __vector_98
                0x0000023a                __vector_23
                0x0000023a                __vector_68
                0x0000023a                __vector_30
                0x0000023a                __vector_45
                0x0000023a                __vector_25
                0x0000023a                __vector_93
                0x0000023a                __vector_61
                0x0000023a                __vector_11
                0x0000023a                __vector_54
                0x0000023a                __vector_99
                0x0000023a                __vector_13
                0x0000023a                __vector_17
                0x0000023a                __vector_19
                0x0000023a                __vector_56
                0x0000023a                __vector_7
                0x0000023a                __vector_125
                0x0000023a                __vector_49
                0x0000023a                __vector_123
                0x0000023a                __vector_86
                0x0000023a                __vector_100
                0x0000023a                __vector_101
                0x0000023a                __vector_64
                0x0000023a                __vector_88
                0x0000023a                __vector_109
                0x0000023a                __vector_43
                0x0000023a                __vector_27
                0x0000023a                __vector_5
                0x0000023a                __vector_113
                0x0000023a                __vector_33
                0x0000023a                __vector_76
                0x0000023a                __vector_115
                0x0000023a                __vector_47
                0x0000023a                __vector_52
                0x0000023a                __vector_37
                0x0000023a                __vector_95
                0x0000023a                __vector_103
                0x0000023a                __vector_96
                0x0000023a                __vector_89
                0x0000023a                __vector_108
                0x0000023a                __vector_4
                0x0000023a                __vector_44
                0x0000023a                __vector_82
                0x0000023a                __vector_106
                0x0000023a                __vector_118
                0x0000023a                __vector_51
                0x0000023a                __vector_9
                0x0000023a                __vector_2
                0x0000023a                __vector_21
                0x0000023a                __vector_15
                0x0000023a                __vector_66
                0x0000023a                __vector_36
                0x0000023a                __vector_79
                0x0000023a                __vector_58
                0x0000023a                __vector_70
                0x0000023a                __vector_83
                0x0000023a                __vector_29
                0x0000023a                __vector_60
                0x0000023a                __vector_121
                0x0000023a                __vector_85
                0x0000023a                __vector_94
                0x0000023a                __vector_126
                0x0000023a                __vector_8
                0x0000023a                __vector_26
                0x0000023a                __vector_48
                0x0000023a                __vector_124
                0x0000023a                __vector_116
                0x0000023a                __vector_112
                0x0000023a                __vector_111
                0x0000023a                __vector_80
                0x0000023a                __vector_14
                0x0000023a                __vector_84
                0x0000023a                __vector_57
                0x0000023a                __vector_53
                0x0000023a                __vector_10
                0x0000023a                __vector_50
                0x0000023a                __vector_16
                0x0000023a                __vector_59
                0x0000023a                __vector_18
                0x0000023a                __vector_97
                0x0000023a                __vector_20
                0x0000023a                __vector_87
                0x0000023a                __vector_65
                0x0000023a                __vector_120
                0x0000023c                . = ALIGN (0x2)
 *(.text.*)
 .text.ioport_set_value
                0x0000023c       0x48 src/asf/common/components/display/st7565r/st7565r.o
 .text.st7565r_write_command
                0x00000284       0x3a src/asf/common/components/display/st7565r/st7565r.o
 .text.st7565r_init
                0x000002be       0xb2 src/asf/common/components/display/st7565r/st7565r.o
                0x000002be                st7565r_init
 .text.sysclk_init
                0x00000370       0x20 src/asf/common/services/clock/xmega/sysclk.o
                0x00000370                sysclk_init
 .text.sysclk_enable_module
                0x00000390       0x16 src/asf/common/services/clock/xmega/sysclk.o
                0x00000390                sysclk_enable_module
 .text.sysclk_disable_module
                0x000003a6       0x14 src/asf/common/services/clock/xmega/sysclk.o
                0x000003a6                sysclk_disable_module
 .text.ioport_set_value
                0x000003ba       0x48 src/asf/common/services/gfx_mono/gfx_mono_c12832_a1z.o
 .text.st7565r_write_command
                0x00000402       0x3a src/asf/common/services/gfx_mono/gfx_mono_c12832_a1z.o
 .text.st7565r_write_data
                0x0000043c       0x40 src/asf/common/services/gfx_mono/gfx_mono_c12832_a1z.o
 .text.st7565r_set_page_address
                0x0000047c        0x6 src/asf/common/services/gfx_mono/gfx_mono_c12832_a1z.o
 .text.st7565r_set_column_address
                0x00000482       0x18 src/asf/common/services/gfx_mono/gfx_mono_c12832_a1z.o
 .text.gfx_mono_st7565r_put_byte
                0x0000049a       0x22 src/asf/common/services/gfx_mono/gfx_mono_c12832_a1z.o
                0x0000049a                gfx_mono_st7565r_put_byte
 .text.gfx_mono_st7565r_init
                0x000004bc       0x32 src/asf/common/services/gfx_mono/gfx_mono_c12832_a1z.o
                0x000004bc                gfx_mono_st7565r_init
 .text.gfx_mono_st7565r_draw_pixel
                0x000004ee       0x84 src/asf/common/services/gfx_mono/gfx_mono_c12832_a1z.o
                0x000004ee                gfx_mono_st7565r_draw_pixel
 .text.gfx_mono_st7565r_get_byte
                0x00000572        0x4 src/asf/common/services/gfx_mono/gfx_mono_c12832_a1z.o
                0x00000572                gfx_mono_st7565r_get_byte
 .text.gfx_mono_set_framebuffer
                0x00000576        0xa src/asf/common/services/gfx_mono/gfx_mono_framebuffer.o
                0x00000576                gfx_mono_set_framebuffer
 .text.gfx_mono_framebuffer_put_byte
                0x00000580       0x20 src/asf/common/services/gfx_mono/gfx_mono_framebuffer.o
                0x00000580                gfx_mono_framebuffer_put_byte
 .text.gfx_mono_framebuffer_get_byte
                0x000005a0       0x20 src/asf/common/services/gfx_mono/gfx_mono_framebuffer.o
                0x000005a0                gfx_mono_framebuffer_get_byte
 .text.gfx_mono_generic_draw_horizontal_line
                0x000005c0       0xca src/asf/common/services/gfx_mono/gfx_mono_generic.o
                0x000005c0                gfx_mono_generic_draw_horizontal_line
 .text.gfx_mono_generic_draw_filled_rect
                0x0000068a       0x36 src/asf/common/services/gfx_mono/gfx_mono_generic.o
                0x0000068a                gfx_mono_generic_draw_filled_rect
 .text.usart_spi_init
                0x000006c0       0x5c src/asf/common/services/spi/xmega_usart_spi/usart_spi.o
                0x000006c0                usart_spi_init
 .text.usart_spi_setup_device
                0x0000071c       0x34 src/asf/common/services/spi/xmega_usart_spi/usart_spi.o
                0x0000071c                usart_spi_setup_device
 .text.ioport_configure_pin
                0x00000750       0x2e src/asf/xmega/boards/xmega_a3bu_xplained/init.o
 .text.board_init
                0x0000077e       0x58 src/asf/xmega/boards/xmega_a3bu_xplained/init.o
                0x0000077e                board_init
 .text.adc_enable_clock
                0x000007d6       0x42 src/asf/xmega/drivers/adc/adc.o
 .text.adc_disable_clock
                0x00000818       0x3e src/asf/xmega/drivers/adc/adc.o
 .text.nvm_read_production_signature_row
                0x00000856        0x8 src/asf/xmega/drivers/adc/adc.o
 .text.adc_get_calibration_data
                0x0000085e       0x60 src/asf/xmega/drivers/adc/adc.o
 .text.__vector_71
                0x000008be       0x64 src/asf/xmega/drivers/adc/adc.o
                0x000008be                __vector_71
 .text.__vector_72
                0x00000922       0x64 src/asf/xmega/drivers/adc/adc.o
                0x00000922                __vector_72
 .text.__vector_73
                0x00000986       0x64 src/asf/xmega/drivers/adc/adc.o
                0x00000986                __vector_73
 .text.__vector_74
                0x000009ea       0x64 src/asf/xmega/drivers/adc/adc.o
                0x000009ea                __vector_74
 .text.__vector_39
                0x00000a4e       0x64 src/asf/xmega/drivers/adc/adc.o
                0x00000a4e                __vector_39
 .text.__vector_40
                0x00000ab2       0x64 src/asf/xmega/drivers/adc/adc.o
                0x00000ab2                __vector_40
 .text.__vector_41
                0x00000b16       0x64 src/asf/xmega/drivers/adc/adc.o
                0x00000b16                __vector_41
 .text.__vector_42
                0x00000b7a       0x64 src/asf/xmega/drivers/adc/adc.o
                0x00000b7a                __vector_42
 .text.adc_enable
                0x00000bde       0x2e src/asf/xmega/drivers/adc/adc.o
                0x00000bde                adc_enable
 .text.adc_write_configuration
                0x00000c0c       0x7a src/asf/xmega/drivers/adc/adc.o
                0x00000c0c                adc_write_configuration
 .text.adc_read_configuration
                0x00000c86       0x46 src/asf/xmega/drivers/adc/adc.o
                0x00000c86                adc_read_configuration
 .text.adcch_write_configuration
                0x00000ccc       0x74 src/asf/xmega/drivers/adc/adc.o
                0x00000ccc                adcch_write_configuration
 .text.adcch_read_configuration
                0x00000d40       0x74 src/asf/xmega/drivers/adc/adc.o
                0x00000d40                adcch_read_configuration
 .text.adc_set_callback
                0x00000db4       0x2a src/asf/xmega/drivers/adc/adc.o
                0x00000db4                adc_set_callback
 .text.ioport_configure_port_pin
                0x00000dde       0x54 src/asf/xmega/drivers/ioport/ioport.o
                0x00000dde                ioport_configure_port_pin
 .text.nvm_read_byte
                0x00000e32       0x14 src/asf/xmega/drivers/nvm/nvm_asm.o
                0x00000e32                nvm_read_byte
 .text.usart_enable_module_clock
                0x00000e46       0x70 src/asf/xmega/drivers/usart/usart.o
 .text.usart_spi_set_baudrate
                0x00000eb6       0x5e src/asf/xmega/drivers/usart/usart.o
                0x00000eb6                usart_spi_set_baudrate
 .text.usart_init_spi
                0x00000f14       0xd6 src/asf/xmega/drivers/usart/usart.o
                0x00000f14                usart_init_spi
 .text.ioport_set_value
                0x00000fea       0x48 src/main.o
 .text.st7565r_write_command
                0x00001032       0x3a src/main.o
 .text.adc_handler
                0x0000106c       0x26 src/main.o
 .text.update_graph_display
                0x00001092       0x38 src/main.o
                0x00001092                update_graph_display
 .text.main     0x000010ca       0xb2 src/main.o
                0x000010ca                main
 .text.libgcc   0x0000117c       0x44 c:/program files/atmel/avr studio 5.0/avr toolchain/bin/../lib/gcc/avr/4.5.1/avrxmega6\libgcc.a(_udivmodsi4.o)
                0x0000117c                __udivmodsi4
                0x000011c0                . = ALIGN (0x2)
 *(.fini9)
 .fini9         0x000011c0        0x0 c:/program files/atmel/avr studio 5.0/avr toolchain/bin/../lib/gcc/avr/4.5.1/avrxmega6\libgcc.a(_exit.o)
                0x000011c0                _exit
                0x000011c0                exit
 *(.fini9)
 *(.fini8)
 *(.fini8)
 *(.fini7)
 *(.fini7)
 *(.fini6)
 *(.fini6)
 *(.fini5)
 *(.fini5)
 *(.fini4)
 *(.fini4)
 *(.fini3)
 *(.fini3)
 *(.fini2)
 *(.fini2)
 *(.fini1)
 *(.fini1)
 *(.fini0)
 .fini0         0x000011c0        0x4 c:/program files/atmel/avr studio 5.0/avr toolchain/bin/../lib/gcc/avr/4.5.1/avrxmega6\libgcc.a(_exit.o)
 *(.fini0)
                0x000011c4                _etext = .

.data           0x00802000        0x0 load address 0x000011c4
                0x00802000                PROVIDE (__data_start, .)
 *(.data)
 *(.data*)
 *(.rodata)
 *(.rodata*)
 *(.gnu.linkonce.d*)
                0x00802000                . = ALIGN (0x2)
                0x00802000                _edata = .
                0x00802000                PROVIDE (__data_end, .)

.bss            0x00802000      0x21b
                0x00802000                PROVIDE (__bss_start, .)
 *(.bss)
 *(.bss*)
 .bss.framebuffer
                0x00802000      0x200 src/asf/common/services/gfx_mono/gfx_mono_c12832_a1z.o
 .bss.fbpointer
                0x00802200        0x2 src/asf/common/services/gfx_mono/gfx_mono_framebuffer.o
 .bss.adca_callback
                0x00802202        0x2 src/asf/xmega/drivers/adc/adc.o
 .bss.adcb_callback
                0x00802204        0x2 src/asf/xmega/drivers/adc/adc.o
 .bss.adca_enable_count
                0x00802206        0x1 src/asf/xmega/drivers/adc/adc.o
 .bss.adcb_enable_count
                0x00802207        0x1 src/asf/xmega/drivers/adc/adc.o
 .bss.x         0x00802208        0x1 src/main.o
                0x00802208                x
 .bss.mode      0x00802209        0x1 src/main.o
 .bss.adc_config
                0x0080220a        0x7 src/main.o
 .bss.adcch_config
                0x00802211        0x3 src/main.o
 .bss.scaled_light_reading
                0x00802214        0x1 src/main.o
 *(COMMON)
 COMMON         0x00802215        0x6 src/asf/common/services/sleepmgr/xmega/sleepmgr.o
                0x00802215                sleepmgr_locks
                0x0080221b                PROVIDE (__bss_end, .)
                0x000011c4                __data_load_start = LOADADDR (.data)
                0x000011c4                __data_load_end = (__data_load_start + SIZEOF (.data))

.noinit         0x0080221b        0x0
                0x0080221b                PROVIDE (__noinit_start, .)
 *(.noinit*)
                0x0080221b                PROVIDE (__noinit_end, .)
                0x0080221b                _end = .
                0x0080221b                PROVIDE (__heap_start, .)

.eeprom         0x00810000        0x0
 *(.eeprom*)
                0x00810000                __eeprom_end = .

.fuse
 *(.fuse)
 *(.lfuse)
 *(.hfuse)
 *(.efuse)

.lock
 *(.lock*)

.signature
 *(.signature*)

.stab           0x00000000      0x768
 *(.stab)
 .stab          0x00000000      0x6e4 c:/program files/atmel/avr studio 5.0/avr toolchain/bin/../lib/gcc/avr/4.5.1/../../../../avr/lib/avrxmega6/crtx256a3bu.o
 .stab          0x000006e4       0x84 c:/program files/atmel/avr studio 5.0/avr toolchain/bin/../lib/gcc/avr/4.5.1/../../../../avr/lib/avrxmega6\libc.a(memcpy.o)
                                 0x90 (size before relaxing)

.stabstr        0x00000000       0xe7
 *(.stabstr)
 .stabstr       0x00000000       0xe7 c:/program files/atmel/avr studio 5.0/avr toolchain/bin/../lib/gcc/avr/4.5.1/../../../../avr/lib/avrxmega6/crtx256a3bu.o

.stab.excl
 *(.stab.excl)

.stab.exclstr
 *(.stab.exclstr)

.stab.index
 *(.stab.index)

.stab.indexstr
 *(.stab.indexstr)

.comment
 *(.comment)

.debug
 *(.debug)

.line
 *(.line)

.debug_srcinfo
 *(.debug_srcinfo)

.debug_sfnames
 *(.debug_sfnames)

.debug_aranges  0x00000000       0x48
 *(.debug_aranges)
 .debug_aranges
                0x00000000       0x20 src/asf/xmega/drivers/cpu/ccp.o
 .debug_aranges
                0x00000020       0x28 src/asf/xmega/drivers/nvm/nvm_asm.o

.debug_pubnames
 *(.debug_pubnames)

.debug_info     0x00000000      0x138
 *(.debug_info)
 .debug_info    0x00000000       0x9c src/asf/xmega/drivers/cpu/ccp.o
 .debug_info    0x0000009c       0x9c src/asf/xmega/drivers/nvm/nvm_asm.o
 *(.gnu.linkonce.wi.*)

.debug_abbrev   0x00000000       0x26
 *(.debug_abbrev)
 .debug_abbrev  0x00000000       0x14 src/asf/xmega/drivers/cpu/ccp.o
 .debug_abbrev  0x00000014       0x12 src/asf/xmega/drivers/nvm/nvm_asm.o

.debug_line     0x00000000       0xde
 *(.debug_line)
 .debug_line    0x00000000       0x54 src/asf/xmega/drivers/cpu/ccp.o
 .debug_line    0x00000054       0x8a src/asf/xmega/drivers/nvm/nvm_asm.o

.debug_frame
 *(.debug_frame)

.debug_str
 *(.debug_str)

.debug_loc
 *(.debug_loc)

.debug_macinfo
 *(.debug_macinfo)
OUTPUT(LightLCD.elf elf32-avr)
LOAD linker stubs

.debug_ranges   0x00000000       0x20
 .debug_ranges  0x00000000       0x20 src/asf/xmega/drivers/nvm/nvm_asm.o
